Archive member included to satisfy reference by file (symbol)

c:/st/stm32cubeide_1.0.1/stm32cubeide/plugins/com.st.stm32cube.ide.mcu.externaltools.gnu-tools-for-stm32.7-2018-q2-update.win32_1.0.0.201904181610/tools/bin/../lib/gcc/arm-none-eabi/7.3.1/../../../../arm-none-eabi/lib/thumb/v7e-m/fpv4-sp/hard\libc_nano.a(lib_a-errno.o)
                              Src/syscalls.o (__errno)
c:/st/stm32cubeide_1.0.1/stm32cubeide/plugins/com.st.stm32cube.ide.mcu.externaltools.gnu-tools-for-stm32.7-2018-q2-update.win32_1.0.0.201904181610/tools/bin/../lib/gcc/arm-none-eabi/7.3.1/../../../../arm-none-eabi/lib/thumb/v7e-m/fpv4-sp/hard\libc_nano.a(lib_a-exit.o)
                              c:/st/stm32cubeide_1.0.1/stm32cubeide/plugins/com.st.stm32cube.ide.mcu.externaltools.gnu-tools-for-stm32.7-2018-q2-update.win32_1.0.0.201904181610/tools/bin/../lib/gcc/arm-none-eabi/7.3.1/../../../../arm-none-eabi/lib/thumb/v7e-m/fpv4-sp/hard/crt0.o (exit)
c:/st/stm32cubeide_1.0.1/stm32cubeide/plugins/com.st.stm32cube.ide.mcu.externaltools.gnu-tools-for-stm32.7-2018-q2-update.win32_1.0.0.201904181610/tools/bin/../lib/gcc/arm-none-eabi/7.3.1/../../../../arm-none-eabi/lib/thumb/v7e-m/fpv4-sp/hard\libc_nano.a(lib_a-impure.o)
                              c:/st/stm32cubeide_1.0.1/stm32cubeide/plugins/com.st.stm32cube.ide.mcu.externaltools.gnu-tools-for-stm32.7-2018-q2-update.win32_1.0.0.201904181610/tools/bin/../lib/gcc/arm-none-eabi/7.3.1/../../../../arm-none-eabi/lib/thumb/v7e-m/fpv4-sp/hard\libc_nano.a(lib_a-exit.o) (_global_impure_ptr)
c:/st/stm32cubeide_1.0.1/stm32cubeide/plugins/com.st.stm32cube.ide.mcu.externaltools.gnu-tools-for-stm32.7-2018-q2-update.win32_1.0.0.201904181610/tools/bin/../lib/gcc/arm-none-eabi/7.3.1/../../../../arm-none-eabi/lib/thumb/v7e-m/fpv4-sp/hard\libc_nano.a(lib_a-init.o)
                              c:/st/stm32cubeide_1.0.1/stm32cubeide/plugins/com.st.stm32cube.ide.mcu.externaltools.gnu-tools-for-stm32.7-2018-q2-update.win32_1.0.0.201904181610/tools/bin/../lib/gcc/arm-none-eabi/7.3.1/../../../../arm-none-eabi/lib/thumb/v7e-m/fpv4-sp/hard/crt0.o (__libc_init_array)
c:/st/stm32cubeide_1.0.1/stm32cubeide/plugins/com.st.stm32cube.ide.mcu.externaltools.gnu-tools-for-stm32.7-2018-q2-update.win32_1.0.0.201904181610/tools/bin/../lib/gcc/arm-none-eabi/7.3.1/../../../../arm-none-eabi/lib/thumb/v7e-m/fpv4-sp/hard\libc_nano.a(lib_a-memset.o)
                              c:/st/stm32cubeide_1.0.1/stm32cubeide/plugins/com.st.stm32cube.ide.mcu.externaltools.gnu-tools-for-stm32.7-2018-q2-update.win32_1.0.0.201904181610/tools/bin/../lib/gcc/arm-none-eabi/7.3.1/../../../../arm-none-eabi/lib/thumb/v7e-m/fpv4-sp/hard/crt0.o (memset)
c:/st/stm32cubeide_1.0.1/stm32cubeide/plugins/com.st.stm32cube.ide.mcu.externaltools.gnu-tools-for-stm32.7-2018-q2-update.win32_1.0.0.201904181610/tools/bin/../lib/gcc/arm-none-eabi/7.3.1/../../../../arm-none-eabi/lib/thumb/v7e-m/fpv4-sp/hard\libc_nano.a(lib_a-sprintf.o)
                              Src/main.o (sprintf)
c:/st/stm32cubeide_1.0.1/stm32cubeide/plugins/com.st.stm32cube.ide.mcu.externaltools.gnu-tools-for-stm32.7-2018-q2-update.win32_1.0.0.201904181610/tools/bin/../lib/gcc/arm-none-eabi/7.3.1/../../../../arm-none-eabi/lib/thumb/v7e-m/fpv4-sp/hard\libc_nano.a(lib_a-strlen.o)
                              Src/main.o (strlen)
c:/st/stm32cubeide_1.0.1/stm32cubeide/plugins/com.st.stm32cube.ide.mcu.externaltools.gnu-tools-for-stm32.7-2018-q2-update.win32_1.0.0.201904181610/tools/bin/../lib/gcc/arm-none-eabi/7.3.1/../../../../arm-none-eabi/lib/thumb/v7e-m/fpv4-sp/hard\libc_nano.a(lib_a-nano-svfprintf.o)
                              c:/st/stm32cubeide_1.0.1/stm32cubeide/plugins/com.st.stm32cube.ide.mcu.externaltools.gnu-tools-for-stm32.7-2018-q2-update.win32_1.0.0.201904181610/tools/bin/../lib/gcc/arm-none-eabi/7.3.1/../../../../arm-none-eabi/lib/thumb/v7e-m/fpv4-sp/hard\libc_nano.a(lib_a-sprintf.o) (_svfprintf_r)
c:/st/stm32cubeide_1.0.1/stm32cubeide/plugins/com.st.stm32cube.ide.mcu.externaltools.gnu-tools-for-stm32.7-2018-q2-update.win32_1.0.0.201904181610/tools/bin/../lib/gcc/arm-none-eabi/7.3.1/../../../../arm-none-eabi/lib/thumb/v7e-m/fpv4-sp/hard\libc_nano.a(lib_a-nano-vfprintf_i.o)
                              c:/st/stm32cubeide_1.0.1/stm32cubeide/plugins/com.st.stm32cube.ide.mcu.externaltools.gnu-tools-for-stm32.7-2018-q2-update.win32_1.0.0.201904181610/tools/bin/../lib/gcc/arm-none-eabi/7.3.1/../../../../arm-none-eabi/lib/thumb/v7e-m/fpv4-sp/hard\libc_nano.a(lib_a-nano-svfprintf.o) (_printf_i)
c:/st/stm32cubeide_1.0.1/stm32cubeide/plugins/com.st.stm32cube.ide.mcu.externaltools.gnu-tools-for-stm32.7-2018-q2-update.win32_1.0.0.201904181610/tools/bin/../lib/gcc/arm-none-eabi/7.3.1/../../../../arm-none-eabi/lib/thumb/v7e-m/fpv4-sp/hard\libc_nano.a(lib_a-memchr.o)
[...]
Memory Configuration

Name             Origin             Length             Attributes
RAM              0x0000000020000000 0x0000000000020000 xrw
FLASH            0x0000000008000000 0x0000000000080000 xr
*default*        0x0000000000000000 0xffffffffffffffff

Linker script and memory map

LOAD c:/st/stm32cubeide_1.0.1/stm32cubeide/plugins/com.st.stm32cube.ide.mcu.externaltools.gnu-tools-for-stm32.7-2018-q2-update.win32_1.0.0.201904181610/tools/bin/../lib/gcc/arm-none-eabi/7.3.1/thumb/v7e-m/fpv4-sp/hard/crti.o
LOAD c:/st/stm32cubeide_1.0.1/stm32cubeide/plugins/com.st.stm32cube.ide.mcu.externaltools.gnu-tools-for-stm32.7-2018-q2-update.win32_1.0.0.201904181610/tools/bin/../lib/gcc/arm-none-eabi/7.3.1/thumb/v7e-m/fpv4-sp/hard/crtbegin.o
LOAD c:/st/stm32cubeide_1.0.1/stm32cubeide/plugins/com.st.stm32cube.ide.mcu.externaltools.gnu-tools-for-stm32.7-2018-q2-update.win32_1.0.0.201904181610/tools/bin/../lib/gcc/arm-none-eabi/7.3.1/../../../../arm-none-eabi/lib/thumb/v7e-m/fpv4-sp/hard/crt0.o
LOAD Drivers/STM32F4xx_HAL_Driver/Src/stm32f4xx_hal.o
LOAD Drivers/STM32F4xx_HAL_Driver/Src/stm32f4xx_hal_cortex.o
LOAD Drivers/STM32F4xx_HAL_Driver/Src/stm32f4xx_hal_dma.o
LOAD Drivers/STM32F4xx_HAL_Driver/Src/stm32f4xx_hal_dma_ex.o
LOAD Drivers/STM32F4xx_HAL_Driver/Src/stm32f4xx_hal_exti.o
LOAD Drivers/STM32F4xx_HAL_Driver/Src/stm32f4xx_hal_flash.o
LOAD Drivers/STM32F4xx_HAL_Driver/Src/stm32f4xx_hal_flash_ex.o
LOAD Drivers/STM32F4xx_HAL_Driver/Src/stm32f4xx_hal_flash_ramfunc.o
LOAD Drivers/STM32F4xx_HAL_Driver/Src/stm32f4xx_hal_gpio.o
LOAD Drivers/STM32F4xx_HAL_Driver/Src/stm32f4xx_hal_pwr.o
LOAD Drivers/STM32F4xx_HAL_Driver/Src/stm32f4xx_hal_pwr_ex.o
LOAD Drivers/STM32F4xx_HAL_Driver/Src/stm32f4xx_hal_rcc.o
LOAD Drivers/STM32F4xx_HAL_Driver/Src/stm32f4xx_hal_rcc_ex.o
LOAD Drivers/STM32F4xx_HAL_Driver/Src/stm32f4xx_hal_tim.o
LOAD Drivers/STM32F4xx_HAL_Driver/Src/stm32f4xx_hal_tim_ex.o
LOAD Drivers/STM32F4xx_HAL_Driver/Src/stm32f4xx_hal_uart.o
LOAD Src/IRremote.o
LOAD Src/irPronto.o
LOAD Src/irSend.o
LOAD Src/ir_Aiwa.o
LOAD Src/ir_Denon.o
LOAD Src/ir_Dish.o
LOAD Src/ir_JVC.o
LOAD Src/ir_LG.o
LOAD Src/ir_Mitsubishi.o
LOAD Src/ir_NEC.o
LOAD Src/ir_Panasonic.o
LOAD Src/ir_RC5_RC6.o
LOAD Src/ir_Samsung.o
LOAD Src/ir_Sanyo.o
LOAD Src/ir_Sharp.o
LOAD Src/ir_Sony.o
LOAD Src/ir_Template.o
LOAD Src/ir_Whynter.o
LOAD Src/main.o
LOAD Src/stm32f4xx_hal_msp.o
LOAD Src/stm32f4xx_it.o
LOAD Src/syscalls.o
LOAD Src/sysmem.o
LOAD Src/system_stm32f4xx.o
LOAD Startup/startup_stm32f411vetx.o
START GROUP
LOAD c:/st/stm32cubeide_1.0.1/stm32cubeide/plugins/com.st.stm32cube.ide.mcu.externaltools.gnu-tools-for-stm32.7-2018-q2-update.win32_1.0.0.201904181610/tools/bin/../lib/gcc/arm-none-eabi/7.3.1/../../../../arm-none-eabi/lib/thumb/v7e-m/fpv4-sp/hard\libc_nano.a
LOAD c:/st/stm32cubeide_1.0.1/stm32cubeide/plugins/com.st.stm32cube.ide.mcu.externaltools.gnu-tools-for-stm32.7-2018-q2-update.win32_1.0.0.201904181610/tools/bin/../lib/gcc/arm-none-eabi/7.3.1/../../../../arm-none-eabi/lib/thumb/v7e-m/fpv4-sp/hard\libm.a
END GROUP
START GROUP
LOAD c:/st/stm32cubeide_1.0.1/stm32cubeide/plugins/com.st.stm32cube.ide.mcu.externaltools.gnu-tools-for-stm32.7-2018-q2-update.win32_1.0.0.201904181610/tools/bin/../lib/gcc/arm-none-eabi/7.3.1/thumb/v7e-m/fpv4-sp/hard\libgcc.a
LOAD c:/st/stm32cubeide_1.0.1/stm32cubeide/plugins/com.st.stm32cube.ide.mcu.externaltools.gnu-tools-for-stm32.7-2018-q2-update.win32_1.0.0.201904181610/tools/bin/../lib/gcc/arm-none-eabi/7.3.1/../../../../arm-none-eabi/lib/thumb/v7e-m/fpv4-sp/hard\libc_nano.a
END GROUP
START GROUP
LOAD c:/st/stm32cubeide_1.0.1/stm32cubeide/plugins/com.st.stm32cube.ide.mcu.externaltools.gnu-tools-for-stm32.7-2018-q2-update.win32_1.0.0.201904181610/tools/bin/../lib/gcc/arm-none-eabi/7.3.1/thumb/v7e-m/fpv4-sp/hard\libgcc.a
LOAD c:/st/stm32cubeide_1.0.1/stm32cubeide/plugins/com.st.stm32cube.ide.mcu.externaltools.gnu-tools-for-stm32.7-2018-q2-update.win32_1.0.0.201904181610/tools/bin/../lib/gcc/arm-none-eabi/7.3.1/../../../../arm-none-eabi/lib/thumb/v7e-m/fpv4-sp/hard\libc_nano.a
LOAD c:/st/stm32cubeide_1.0.1/stm32cubeide/plugins/com.st.stm32cube.ide.mcu.externaltools.gnu-tools-for-stm32.7-2018-q2-update.win32_1.0.0.201904181610/tools/bin/../lib/gcc/arm-none-eabi/7.3.1/../../../../arm-none-eabi/lib/thumb/v7e-m/fpv4-sp/hard\libnosys.a
END GROUP
START GROUP
LOAD c:/st/stm32cubeide_1.0.1/stm32cubeide/plugins/com.st.stm32cube.ide.mcu.externaltools.gnu-tools-for-stm32.7-2018-q2-update.win32_1.0.0.201904181610/tools/bin/../lib/gcc/arm-none-eabi/7.3.1/thumb/v7e-m/fpv4-sp/hard\libgcc.a
LOAD c:/st/stm32cubeide_1.0.1/stm32cubeide/plugins/com.st.stm32cube.ide.mcu.externaltools.gnu-tools-for-stm32.7-2018-q2-update.win32_1.0.0.201904181610/tools/bin/../lib/gcc/arm-none-eabi/7.3.1/../../../../arm-none-eabi/lib/thumb/v7e-m/fpv4-sp/hard\libc_nano.a
LOAD c:/st/stm32cubeide_1.0.1/stm32cubeide/plugins/com.st.stm32cube.ide.mcu.externaltools.gnu-tools-for-stm32.7-2018-q2-update.win32_1.0.0.201904181610/tools/bin/../lib/gcc/arm-none-eabi/7.3.1/../../../../arm-none-eabi/lib/thumb/v7e-m/fpv4-sp/hard\libnosys.a
END GROUP
LOAD c:/st/stm32cubeide_1.0.1/stm32cubeide/plugins/com.st.stm32cube.ide.mcu.externaltools.gnu-tools-for-stm32.7-2018-q2-update.win32_1.0.0.201904181610/tools/bin/../lib/gcc/arm-none-eabi/7.3.1/thumb/v7e-m/fpv4-sp/hard/crtend.o
LOAD c:/st/stm32cubeide_1.0.1/stm32cubeide/plugins/com.st.stm32cube.ide.mcu.externaltools.gnu-tools-for-stm32.7-2018-q2-update.win32_1.0.0.201904181610/tools/bin/../lib/gcc/arm-none-eabi/7.3.1/thumb/v7e-m/fpv4-sp/hard/crtn.o
                0x0000000020020000                _estack = 0x20020000
                0x0000000000000200                _Min_Heap_Size = 0x200
                0x0000000000000400                _Min_Stack_Size = 0x400

.isr_vector     0x0000000008000000      0x198
                0x0000000008000000                . = ALIGN (0x4)
 *(.isr_vector)
 .isr_vector    0x0000000008000000      0x198 Startup/startup_stm32f411vetx.o
                0x0000000008000000                g_pfnVectors
                0x0000000008000198                . = ALIGN (0x4)

.text           0x00000000080001a0     0x5dbc
                0x00000000080001a0                . = ALIGN (0x4)
 *(.text)
 .text          0x00000000080001a0       0x40 c:/st/stm32cubeide_1.0.1/stm32cubeide/plugins/com.st.stm32cube.ide.mcu.externaltools.gnu-tools-for-stm32.7-2018-q2-update.win32_1.0.0.201904181610/tools/bin/../lib/gcc/arm-none-eabi/7.3.1/thumb/v7e-m/fpv4-sp/hard/crtbegin.o
 .text          0x00000000080001e0       0x10 c:/st/stm32cubeide_1.0.1/stm32cubeide/plugins/com.st.stm32cube.ide.mcu.externaltools.gnu-tools-for-stm32.7-2018-q2-update.win32_1.0.0.201904181610/tools/bin/../lib/gcc/arm-none-eabi/7.3.1/../../../../arm-none-eabi/lib/thumb/v7e-m/fpv4-sp/hard\libc_nano.a(lib_a-strlen.o)
                0x00000000080001e0                strlen
 .text          0x00000000080001f0       0xa0 c:/st/stm32cubeide_1.0.1/stm32cubeide/plugins/com.st.stm32cube.ide.mcu.externaltools.gnu-tools-for-stm32.7-2018-q2-update.win32_1.0.0.201904181610/tools/bin/../lib/gcc/arm-none-eabi/7.3.1/../../../../arm-none-eabi/lib/thumb/v7e-m/fpv4-sp/hard\libc_nano.a(lib_a-memchr.o)
                0x00000000080001f0                memchr
 .text          0x0000000008000290      0x378 c:/st/stm32cubeide_1.0.1/stm32cubeide/plugins/com.st.stm32cube.ide.mcu.externaltools.gnu-tools-for-stm32.7-2018-q2-update.win32_1.0.0.201904181610/tools/bin/../lib/gcc/arm-none-eabi/7.3.1/thumb/v7e-m/fpv4-sp/hard\libgcc.a(_arm_addsubdf3.o)
                0x0000000008000290                __aeabi_drsub
                0x0000000008000298                __aeabi_dsub
                0x0000000008000298                __subdf3
                0x000000000800029c                __aeabi_dadd
                0x000000000800029c                __adddf3
                0x0000000008000514                __floatunsidf
                0x0000000008000514                __aeabi_ui2d
                0x0000000008000534                __floatsidf
                0x0000000008000534                __aeabi_i2d
                0x0000000008000558                __aeabi_f2d
                0x0000000008000558                __extendsfdf2
                0x000000000800059c                __floatundidf
                0x000000000800059c                __aeabi_ul2d
                0x00000000080005ac                __floatdidf
                0x00000000080005ac                __aeabi_l2d
 .text          0x0000000008000608      0x424 c:/st/stm32cubeide_1.0.1/stm32cubeide/plugins/com.st.stm32cube.ide.mcu.externaltools.gnu-tools-for-stm32.7-2018-q2-update.win32_1.0.0.201904181610/tools/bin/../lib/gcc/arm-none-eabi/7.3.1/thumb/v7e-m/fpv4-sp/hard\libgcc.a(_arm_muldivdf3.o)
                0x0000000008000608                __aeabi_dmul
                0x0000000008000608                __muldf3
                0x000000000800085c                __divdf3
                0x000000000800085c                __aeabi_ddiv
 .text          0x0000000008000a2c      0x110 c:/st/stm32cubeide_1.0.1/stm32cubeide/plugins/com.st.stm32cube.ide.mcu.externaltools.gnu-tools-for-stm32.7-2018-q2-update.win32_1.0.0.201904181610/tools/bin/../lib/gcc/arm-none-eabi/7.3.1/thumb/v7e-m/fpv4-sp/hard\libgcc.a(_arm_cmpdf2.o)
                0x0000000008000a2c                __gtdf2
                0x0000000008000a2c                __gedf2
                0x0000000008000a34                __ltdf2
                0x0000000008000a34                __ledf2
                0x0000000008000a3c                __nedf2
                0x0000000008000a3c                __eqdf2
                0x0000000008000a3c                __cmpdf2
                0x0000000008000ab8                __aeabi_cdrcmple
                0x0000000008000ac8                __aeabi_cdcmpeq
                0x0000000008000ac8                __aeabi_cdcmple
                0x0000000008000ad8                __aeabi_dcmpeq
                0x0000000008000aec                __aeabi_dcmplt
                0x0000000008000b00                __aeabi_dcmple
                0x0000000008000b14                __aeabi_dcmpge
                0x0000000008000b28                __aeabi_dcmpgt
 .text          0x0000000008000b3c       0x50 c:/st/stm32cubeide_1.0.1/stm32cubeide/plugins/com.st.stm32cube.ide.mcu.externaltools.gnu-tools-for-stm32.7-2018-q2-update.win32_1.0.0.201904181610/tools/bin/../lib/gcc/arm-none-eabi/7.3.1/thumb/v7e-m/fpv4-sp/hard\libgcc.a(_arm_fixdfsi.o)
                0x0000000008000b3c                __aeabi_d2iz
                0x0000000008000b3c                __fixdfsi
 .text          0x0000000008000b8c       0x30 c:/st/stm32cubeide_1.0.1/stm32cubeide/plugins/com.st.stm32cube.ide.mcu.externaltools.gnu-tools-for-stm32.7-2018-q2-update.win32_1.0.0.201904181610/tools/bin/../lib/gcc/arm-none-eabi/7.3.1/thumb/v7e-m/fpv4-sp/hard\libgcc.a(_aeabi_uldivmod.o)
                0x0000000008000b8c                __aeabi_uldivmod
 .text          0x0000000008000bbc      0x2cc c:/st/stm32cubeide_1.0.1/stm32cubeide/plugins/com.st.stm32cube.ide.mcu.externaltools.gnu-tools-for-stm32.7-2018-q2-update.win32_1.0.0.201904181610/tools/bin/../lib/gcc/arm-none-eabi/7.3.1/thumb/v7e-m/fpv4-sp/hard\libgcc.a(_udivmoddi4.o)
                0x0000000008000bbc                __udivmoddi4
 .text          0x0000000008000e88        0x4 c:/st/stm32cubeide_1.0.1/stm32cubeide/plugins/com.st.stm32cube.ide.mcu.externaltools.gnu-tools-for-stm32.7-2018-q2-update.win32_1.0.0.201904181610/tools/bin/../lib/gcc/arm-none-eabi/7.3.1/thumb/v7e-m/fpv4-sp/hard\libgcc.a(_dvmd_tls.o)
                0x0000000008000e88                __aeabi_idiv0
                0x0000000008000e88                __aeabi_ldiv0
 *(.text*)
 .text.HAL_Init
                0x0000000008000e8c       0x44 Drivers/STM32F4xx_HAL_Driver/Src/stm32f4xx_hal.o
                0x0000000008000e8c                HAL_Init
 .text.HAL_InitTick
                0x0000000008000ed0       0x60 Drivers/STM32F4xx_HAL_Driver/Src/stm32f4xx_hal.o
                0x0000000008000ed0                HAL_InitTick
 .text.HAL_IncTick
                0x0000000008000f30       0x28 Drivers/STM32F4xx_HAL_Driver/Src/stm32f4xx_hal.o
                0x0000000008000f30                HAL_IncTick
 .text.HAL_GetTick
                0x0000000008000f58       0x18 Drivers/STM32F4xx_HAL_Driver/Src/stm32f4xx_hal.o
                0x0000000008000f58                HAL_GetTick
 .text.HAL_Delay
                0x0000000008000f70       0x44 Drivers/STM32F4xx_HAL_Driver/Src/stm32f4xx_hal.o
                0x0000000008000f70                HAL_Delay
 .text.__NVIC_SetPriorityGrouping
                0x0000000008000fb4       0x48 Drivers/STM32F4xx_HAL_Driver/Src/stm32f4xx_hal_cortex.o
 .text.__NVIC_GetPriorityGrouping
                0x0000000008000ffc       0x1c Drivers/STM32F4xx_HAL_Driver/Src/stm32f4xx_hal_cortex.o
 .text.__NVIC_EnableIRQ
                0x0000000008001018       0x3c Drivers/STM32F4xx_HAL_Driver/Src/stm32f4xx_hal_cortex.o
 .text.__NVIC_DisableIRQ
                0x0000000008001054       0x44 Drivers/STM32F4xx_HAL_Driver/Src/stm32f4xx_hal_cortex.o
 .text.__NVIC_SetPriority
                0x0000000008001098       0x54 Drivers/STM32F4xx_HAL_Driver/Src/stm32f4xx_hal_cortex.o
 .text.NVIC_EncodePriority
                0x00000000080010ec       0x66 Drivers/STM32F4xx_HAL_Driver/Src/stm32f4xx_hal_cortex.o
 *fill*         0x0000000008001152        0x2 
 .text.SysTick_Config
                0x0000000008001154       0x44 Drivers/STM32F4xx_HAL_Driver/Src/stm32f4xx_hal_cortex.o
 .text.HAL_NVIC_SetPriorityGrouping
                0x0000000008001198       0x16 Drivers/STM32F4xx_HAL_Driver/Src/stm32f4xx_hal_cortex.o
                0x0000000008001198                HAL_NVIC_SetPriorityGrouping
 .text.HAL_NVIC_SetPriority
                0x00000000080011ae       0x38 Drivers/STM32F4xx_HAL_Driver/Src/stm32f4xx_hal_cortex.o
                0x00000000080011ae                HAL_NVIC_SetPriority
 .text.HAL_NVIC_EnableIRQ
                0x00000000080011e6       0x1c Drivers/STM32F4xx_HAL_Driver/Src/stm32f4xx_hal_cortex.o
                0x00000000080011e6                HAL_NVIC_EnableIRQ
 .text.HAL_NVIC_DisableIRQ
                0x0000000008001202       0x1c Drivers/STM32F4xx_HAL_Driver/Src/stm32f4xx_hal_cortex.o
                0x0000000008001202                HAL_NVIC_DisableIRQ
 .text.HAL_SYSTICK_Config
                0x000000000800121e       0x18 Drivers/STM32F4xx_HAL_Driver/Src/stm32f4xx_hal_cortex.o
                0x000000000800121e                HAL_SYSTICK_Config
 .text.HAL_DMA_Abort_IT
                0x0000000008001236       0x44 Drivers/STM32F4xx_HAL_Driver/Src/stm32f4xx_hal_dma.o
                0x0000000008001236                HAL_DMA_Abort_IT
 *fill*         0x000000000800127a        0x2 
 .text.HAL_GPIO_Init
                0x000000000800127c      0x304 Drivers/STM32F4xx_HAL_Driver/Src/stm32f4xx_hal_gpio.o
                0x000000000800127c                HAL_GPIO_Init
 .text.HAL_GPIO_ReadPin
                0x0000000008001580       0x30 Drivers/STM32F4xx_HAL_Driver/Src/stm32f4xx_hal_gpio.o
                0x0000000008001580                HAL_GPIO_ReadPin
 .text.HAL_GPIO_WritePin
                0x00000000080015b0       0x32 Drivers/STM32F4xx_HAL_Driver/Src/stm32f4xx_hal_gpio.o
                0x00000000080015b0                HAL_GPIO_WritePin
 *fill*         0x00000000080015e2        0x2 
 .text.HAL_RCC_OscConfig
                0x00000000080015e4      0x484 Drivers/STM32F4xx_HAL_Driver/Src/stm32f4xx_hal_rcc.o
                0x00000000080015e4                HAL_RCC_OscConfig
 .text.HAL_RCC_ClockConfig
                0x0000000008001a68      0x1c4 Drivers/STM32F4xx_HAL_Driver/Src/stm32f4xx_hal_rcc.o
                0x0000000008001a68                HAL_RCC_ClockConfig
 .text.HAL_RCC_GetSysClockFreq
                0x0000000008001c2c      0x164 Drivers/STM32F4xx_HAL_Driver/Src/stm32f4xx_hal_rcc.o
                0x0000000008001c2c                HAL_RCC_GetSysClockFreq
 .text.HAL_RCC_GetHCLKFreq
                0x0000000008001d90       0x18 Drivers/STM32F4xx_HAL_Driver/Src/stm32f4xx_hal_rcc.o
                0x0000000008001d90                HAL_RCC_GetHCLKFreq
 .text.HAL_RCC_GetPCLK1Freq
                0x0000000008001da8       0x28 Drivers/STM32F4xx_HAL_Driver/Src/stm32f4xx_hal_rcc.o
                0x0000000008001da8                HAL_RCC_GetPCLK1Freq
 .text.HAL_RCC_GetPCLK2Freq
                0x0000000008001dd0       0x28 Drivers/STM32F4xx_HAL_Driver/Src/stm32f4xx_hal_rcc.o
                0x0000000008001dd0                HAL_RCC_GetPCLK2Freq
 .text.HAL_TIM_Base_Init
                0x0000000008001df8       0x56 Drivers/STM32F4xx_HAL_Driver/Src/stm32f4xx_hal_tim.o
                0x0000000008001df8                HAL_TIM_Base_Init
 .text.HAL_TIM_Base_DeInit
                0x0000000008001e4e       0x60 Drivers/STM32F4xx_HAL_Driver/Src/stm32f4xx_hal_tim.o
                0x0000000008001e4e                HAL_TIM_Base_DeInit
 .text.HAL_TIM_Base_Start_IT
                0x0000000008001eae       0x48 Drivers/STM32F4xx_HAL_Driver/Src/stm32f4xx_hal_tim.o
                0x0000000008001eae                HAL_TIM_Base_Start_IT
 .text.HAL_TIM_PWM_Init
                0x0000000008001ef6       0x56 Drivers/STM32F4xx_HAL_Driver/Src/stm32f4xx_hal_tim.o
                0x0000000008001ef6                HAL_TIM_PWM_Init
 .text.HAL_TIM_PWM_MspInit
                0x0000000008001f4c       0x14 Drivers/STM32F4xx_HAL_Driver/Src/stm32f4xx_hal_tim.o
                0x0000000008001f4c                HAL_TIM_PWM_MspInit
 .text.HAL_TIM_IRQHandler
                0x0000000008001f60      0x210 Drivers/STM32F4xx_HAL_Driver/Src/stm32f4xx_hal_tim.o
                0x0000000008001f60                HAL_TIM_IRQHandler
 .text.HAL_TIM_PWM_ConfigChannel
                0x0000000008002170      0x18c Drivers/STM32F4xx_HAL_Driver/Src/stm32f4xx_hal_tim.o
                0x0000000008002170                HAL_TIM_PWM_ConfigChannel
 .text.HAL_TIM_ConfigClockSource
                0x00000000080022fc      0x16e Drivers/STM32F4xx_HAL_Driver/Src/stm32f4xx_hal_tim.o
                0x00000000080022fc                HAL_TIM_ConfigClockSource
 .text.HAL_TIM_OC_DelayElapsedCallback
                0x000000000800246a       0x14 Drivers/STM32F4xx_HAL_Driver/Src/stm32f4xx_hal_tim.o
                0x000000000800246a                HAL_TIM_OC_DelayElapsedCallback
 .text.HAL_TIM_IC_CaptureCallback
                0x000000000800247e       0x14 Drivers/STM32F4xx_HAL_Driver/Src/stm32f4xx_hal_tim.o
                0x000000000800247e                HAL_TIM_IC_CaptureCallback
 .text.HAL_TIM_PWM_PulseFinishedCallback
                0x0000000008002492       0x14 Drivers/STM32F4xx_HAL_Driver/Src/stm32f4xx_hal_tim.o
                0x0000000008002492                HAL_TIM_PWM_PulseFinishedCallback
 .text.HAL_TIM_TriggerCallback
                0x00000000080024a6       0x14 Drivers/STM32F4xx_HAL_Driver/Src/stm32f4xx_hal_tim.o
                0x00000000080024a6                HAL_TIM_TriggerCallback
 *fill*         0x00000000080024ba        0x2 
 .text.TIM_Base_SetConfig
                0x00000000080024bc      0x100 Drivers/STM32F4xx_HAL_Driver/Src/stm32f4xx_hal_tim.o
                0x00000000080024bc                TIM_Base_SetConfig
 .text.TIM_OC1_SetConfig
                0x00000000080025bc       0xcc Drivers/STM32F4xx_HAL_Driver/Src/stm32f4xx_hal_tim.o
 .text.TIM_OC2_SetConfig
                0x0000000008002688       0xd8 Drivers/STM32F4xx_HAL_Driver/Src/stm32f4xx_hal_tim.o
                0x0000000008002688                TIM_OC2_SetConfig
 .text.TIM_OC3_SetConfig
                0x0000000008002760       0xd4 Drivers/STM32F4xx_HAL_Driver/Src/stm32f4xx_hal_tim.o
 .text.TIM_OC4_SetConfig
                0x0000000008002834       0xa0 Drivers/STM32F4xx_HAL_Driver/Src/stm32f4xx_hal_tim.o
 .text.TIM_TI1_ConfigInputStage
                0x00000000080028d4       0x5e Drivers/STM32F4xx_HAL_Driver/Src/stm32f4xx_hal_tim.o
 .text.TIM_TI2_ConfigInputStage
                0x0000000008002932       0x60 Drivers/STM32F4xx_HAL_Driver/Src/stm32f4xx_hal_tim.o
 .text.TIM_ITRx_SetConfig
                0x0000000008002992       0x36 Drivers/STM32F4xx_HAL_Driver/Src/stm32f4xx_hal_tim.o
 .text.TIM_ETR_SetConfig
                0x00000000080029c8       0x40 Drivers/STM32F4xx_HAL_Driver/Src/stm32f4xx_hal_tim.o
                0x00000000080029c8                TIM_ETR_SetConfig
 .text.HAL_TIMEx_MasterConfigSynchronization
                0x0000000008002a08       0x8a Drivers/STM32F4xx_HAL_Driver/Src/stm32f4xx_hal_tim_ex.o
                0x0000000008002a08                HAL_TIMEx_MasterConfigSynchronization
 .text.HAL_TIMEx_CommutCallback
                0x0000000008002a92       0x14 Drivers/STM32F4xx_HAL_Driver/Src/stm32f4xx_hal_tim_ex.o
                0x0000000008002a92                HAL_TIMEx_CommutCallback
 .text.HAL_TIMEx_BreakCallback
                0x0000000008002aa6       0x14 Drivers/STM32F4xx_HAL_Driver/Src/stm32f4xx_hal_tim_ex.o
                0x0000000008002aa6                HAL_TIMEx_BreakCallback
 .text.HAL_UART_Init
                0x0000000008002aba       0x9a Drivers/STM32F4xx_HAL_Driver/Src/stm32f4xx_hal_uart.o
                0x0000000008002aba                HAL_UART_Init
 .text.HAL_UART_Transmit
                0x0000000008002b54      0x132 Drivers/STM32F4xx_HAL_Driver/Src/stm32f4xx_hal_uart.o
                0x0000000008002b54                HAL_UART_Transmit
 *fill*         0x0000000008002c86        0x2 
 .text.HAL_UART_IRQHandler
                0x0000000008002c88      0x1f8 Drivers/STM32F4xx_HAL_Driver/Src/stm32f4xx_hal_uart.o
                0x0000000008002c88                HAL_UART_IRQHandler
 .text.HAL_UART_TxCpltCallback
                0x0000000008002e80       0x14 Drivers/STM32F4xx_HAL_Driver/Src/stm32f4xx_hal_uart.o
                0x0000000008002e80                HAL_UART_TxCpltCallback
 .text.HAL_UART_RxCpltCallback
                0x0000000008002e94       0x14 Drivers/STM32F4xx_HAL_Driver/Src/stm32f4xx_hal_uart.o
                0x0000000008002e94                HAL_UART_RxCpltCallback
 .text.HAL_UART_ErrorCallback
                0x0000000008002ea8       0x14 Drivers/STM32F4xx_HAL_Driver/Src/stm32f4xx_hal_uart.o
                0x0000000008002ea8                HAL_UART_ErrorCallback
 .text.UART_WaitOnFlagUntilTimeout
                0x0000000008002ebc       0x94 Drivers/STM32F4xx_HAL_Driver/Src/stm32f4xx_hal_uart.o
 .text.UART_EndRxTransfer
                0x0000000008002f50       0x3c Drivers/STM32F4xx_HAL_Driver/Src/stm32f4xx_hal_uart.o
 .text.UART_DMAAbortOnError
                0x0000000008002f8c       0x28 Drivers/STM32F4xx_HAL_Driver/Src/stm32f4xx_hal_uart.o
 .text.UART_Transmit_IT
                0x0000000008002fb4       0xac Drivers/STM32F4xx_HAL_Driver/Src/stm32f4xx_hal_uart.o
 .text.UART_EndTransmit_IT
                0x0000000008003060       0x30 Drivers/STM32F4xx_HAL_Driver/Src/stm32f4xx_hal_uart.o
 .text.UART_Receive_IT
                0x0000000008003090      0x102 Drivers/STM32F4xx_HAL_Driver/Src/stm32f4xx_hal_uart.o
 *fill*         0x0000000008003192        0x2 
 .text.UART_SetConfig
                0x0000000008003194      0x414 Drivers/STM32F4xx_HAL_Driver/Src/stm32f4xx_hal_uart.o
 .text.HAL_TIM_PeriodElapsedCallback
                0x00000000080035a8      0x168 Src/IRremote.o
                0x00000000080035a8                HAL_TIM_PeriodElapsedCallback
 .text.MATCH    0x0000000008003710       0xa8 Src/IRremote.o
                0x0000000008003710                MATCH
 .text.MATCH_MARK
                0x00000000080037b8       0xb0 Src/IRremote.o
                0x00000000080037b8                MATCH_MARK
 .text.MATCH_SPACE
                0x0000000008003868       0xb0 Src/IRremote.o
                0x0000000008003868                MATCH_SPACE
 .text.my_decode
                0x0000000008003918      0x12c Src/IRremote.o
                0x0000000008003918                my_decode
 .text.my_enableIRIn
                0x0000000008003a44       0x9c Src/IRremote.o
                0x0000000008003a44                my_enableIRIn
 .text.my_resume
                0x0000000008003ae0       0x20 Src/IRremote.o
                0x0000000008003ae0                my_resume
 .text.compare  0x0000000008003b00       0x80 Src/IRremote.o
                0x0000000008003b00                compare
 .text.decodeHash
                0x0000000008003b80       0xa0 Src/IRremote.o
                0x0000000008003b80                decodeHash
 .text.DWT_Init
                0x0000000008003c20       0x30 Src/irSend.o
                0x0000000008003c20                DWT_Init
 .text.decodeAiwaRCT501
                0x0000000008003c50      0x13c Src/ir_Aiwa.o
                0x0000000008003c50                decodeAiwaRCT501
 .text.decodeDenon
                0x0000000008003d8c      0x11c Src/ir_Denon.o
                0x0000000008003d8c                decodeDenon
 .text.decodeJVC
                0x0000000008003ea8      0x1a8 Src/ir_JVC.o
                0x0000000008003ea8                decodeJVC
 .text.decodeLG
                0x0000000008004050      0x140 Src/ir_LG.o
                0x0000000008004050                decodeLG
 .text.decodeMitsubishi
                0x0000000008004190      0x11c Src/ir_Mitsubishi.o
                0x0000000008004190                decodeMitsubishi
 .text.decodeNEC
                0x00000000080042ac      0x184 Src/ir_NEC.o
                0x00000000080042ac                decodeNEC
 .text.decodePanasonic
                0x0000000008004430      0x14c Src/ir_Panasonic.o
                0x0000000008004430                decodePanasonic
 .text.getRClevel
                0x000000000800457c       0xe0 Src/ir_RC5_RC6.o
                0x000000000800457c                getRClevel
 .text.decodeRC5
                0x000000000800465c      0x10c Src/ir_RC5_RC6.o
                0x000000000800465c                decodeRC5
 .text.decodeRC6
                0x0000000008004768      0x17e Src/ir_RC5_RC6.o
                0x0000000008004768                decodeRC6
 *fill*         0x00000000080048e6        0x2 
 .text.decodeSAMSUNG
                0x00000000080048e8      0x180 Src/ir_Samsung.o
                0x00000000080048e8                decodeSAMSUNG
 .text.decodeSanyo
                0x0000000008004a68      0x168 Src/ir_Sanyo.o
                0x0000000008004a68                decodeSanyo
 .text.decodeSony
                0x0000000008004bd0      0x144 Src/ir_Sony.o
                0x0000000008004bd0                decodeSony
 .text.decodeWhynter
                0x0000000008004d14      0x18c Src/ir_Whynter.o
                0x0000000008004d14                decodeWhynter
 .text.main     0x0000000008004ea0       0xec Src/main.o
                0x0000000008004ea0                main
 .text.SystemClock_Config
                0x0000000008004f8c       0xd4 Src/main.o
                0x0000000008004f8c                SystemClock_Config
 .text.MX_TIM4_Init
                0x0000000008005060       0xec Src/main.o
 .text.MX_USART1_UART_Init
                0x000000000800514c       0x54 Src/main.o
 .text.MX_USART2_UART_Init
                0x00000000080051a0       0x54 Src/main.o
 .text.MX_GPIO_Init
                0x00000000080051f4       0xc0 Src/main.o
 .text.Error_Handler
                0x00000000080052b4        0xe Src/main.o
                0x00000000080052b4                Error_Handler
 *fill*         0x00000000080052c2        0x2 
 .text.HAL_MspInit
                0x00000000080052c4       0x50 Src/stm32f4xx_hal_msp.o
                0x00000000080052c4                HAL_MspInit
 .text.HAL_TIM_Base_MspInit
                0x0000000008005314       0x50 Src/stm32f4xx_hal_msp.o
                0x0000000008005314                HAL_TIM_Base_MspInit
 .text.HAL_TIM_MspPostInit
                0x0000000008005364       0x74 Src/stm32f4xx_hal_msp.o
                0x0000000008005364                HAL_TIM_MspPostInit
 .text.HAL_TIM_Base_MspDeInit
                0x00000000080053d8       0x34 Src/stm32f4xx_hal_msp.o
                0x00000000080053d8                HAL_TIM_Base_MspDeInit
 .text.HAL_UART_MspInit
                0x000000000800540c      0x118 Src/stm32f4xx_hal_msp.o
                0x000000000800540c                HAL_UART_MspInit
 .text.NMI_Handler
                0x0000000008005524        0xe Src/stm32f4xx_it.o
                0x0000000008005524                NMI_Handler
 .text.HardFault_Handler
                0x0000000008005532        0x6 Src/stm32f4xx_it.o
                0x0000000008005532                HardFault_Handler
 .text.MemManage_Handler
                0x0000000008005538        0x6 Src/stm32f4xx_it.o
                0x0000000008005538                MemManage_Handler
 .text.BusFault_Handler
                0x000000000800553e        0x6 Src/stm32f4xx_it.o
                0x000000000800553e                BusFault_Handler
 .text.UsageFault_Handler
                0x0000000008005544        0x6 Src/stm32f4xx_it.o
                0x0000000008005544                UsageFault_Handler
 .text.SVC_Handler
                0x000000000800554a        0xe Src/stm32f4xx_it.o
                0x000000000800554a                SVC_Handler
 .text.DebugMon_Handler
                0x0000000008005558        0xe Src/stm32f4xx_it.o
                0x0000000008005558                DebugMon_Handler
 .text.PendSV_Handler
                0x0000000008005566        0xe Src/stm32f4xx_it.o
                0x0000000008005566                PendSV_Handler
 .text.SysTick_Handler
                0x0000000008005574        0xc Src/stm32f4xx_it.o
                0x0000000008005574                SysTick_Handler
 .text.TIM4_IRQHandler
                0x0000000008005580       0x14 Src/stm32f4xx_it.o
                0x0000000008005580                TIM4_IRQHandler
 .text.USART1_IRQHandler
                0x0000000008005594       0x14 Src/stm32f4xx_it.o
                0x0000000008005594                USART1_IRQHandler
 .text.USART2_IRQHandler
                0x00000000080055a8       0x14 Src/stm32f4xx_it.o
                0x00000000080055a8                USART2_IRQHandler
 .text._sbrk    0x00000000080055bc       0x58 Src/sysmem.o
                0x00000000080055bc                _sbrk
 .text.SystemInit
                0x0000000008005614       0x6c Src/system_stm32f4xx.o
                0x0000000008005614                SystemInit
 .text.Reset_Handler
                0x0000000008005680       0x50 Startup/startup_stm32f411vetx.o
                0x0000000008005680                Reset_Handler
 .text.Default_Handler
                0x00000000080056d0        0x2 Startup/startup_stm32f411vetx.o
                0x00000000080056d0                RTC_Alarm_IRQHandler
                0x00000000080056d0                EXTI2_IRQHandler
                0x00000000080056d0                SPI4_IRQHandler
                0x00000000080056d0                TIM1_CC_IRQHandler
                0x00000000080056d0                DMA2_Stream5_IRQHandler
                0x00000000080056d0                DMA1_Stream5_IRQHandler
                0x00000000080056d0                PVD_IRQHandler
                0x00000000080056d0                SDIO_IRQHandler
                0x00000000080056d0                TAMP_STAMP_IRQHandler
                0x00000000080056d0                EXTI3_IRQHandler
                0x00000000080056d0                TIM1_UP_TIM10_IRQHandler
                0x00000000080056d0                I2C3_ER_IRQHandler
                0x00000000080056d0                EXTI0_IRQHandler
                0x00000000080056d0                I2C2_EV_IRQHandler
                0x00000000080056d0                DMA1_Stream2_IRQHandler
                0x00000000080056d0                FPU_IRQHandler
                0x00000000080056d0                DMA2_Stream2_IRQHandler
                0x00000000080056d0                SPI1_IRQHandler
                0x00000000080056d0                TIM1_BRK_TIM9_IRQHandler
                0x00000000080056d0                DMA2_Stream3_IRQHandler
                0x00000000080056d0                USART6_IRQHandler
                0x00000000080056d0                DMA2_Stream0_IRQHandler
                0x00000000080056d0                I2C1_EV_IRQHandler
                0x00000000080056d0                DMA1_Stream6_IRQHandler
                0x00000000080056d0                DMA1_Stream1_IRQHandler
                0x00000000080056d0                TIM3_IRQHandler
                0x00000000080056d0                RCC_IRQHandler
                0x00000000080056d0                Default_Handler
                0x00000000080056d0                EXTI15_10_IRQHandler
                0x00000000080056d0                ADC_IRQHandler
                0x00000000080056d0                DMA1_Stream7_IRQHandler
                0x00000000080056d0                SPI5_IRQHandler
                0x00000000080056d0                TIM5_IRQHandler
                0x00000000080056d0                DMA2_Stream7_IRQHandler
                0x00000000080056d0                I2C3_EV_IRQHandler
                0x00000000080056d0                EXTI9_5_IRQHandler
                0x00000000080056d0                RTC_WKUP_IRQHandler
                0x00000000080056d0                SPI2_IRQHandler
                0x00000000080056d0                DMA1_Stream0_IRQHandler
                0x00000000080056d0                EXTI4_IRQHandler
                0x00000000080056d0                WWDG_IRQHandler
                0x00000000080056d0                TIM2_IRQHandler
                0x00000000080056d0                OTG_FS_WKUP_IRQHandler
                0x00000000080056d0                TIM1_TRG_COM_TIM11_IRQHandler
                0x00000000080056d0                EXTI1_IRQHandler
                0x00000000080056d0                I2C2_ER_IRQHandler
                0x00000000080056d0                DMA2_Stream1_IRQHandler
                0x00000000080056d0                FLASH_IRQHandler
                0x00000000080056d0                DMA2_Stream4_IRQHandler
                0x00000000080056d0                OTG_FS_IRQHandler
                0x00000000080056d0                SPI3_IRQHandler
                0x00000000080056d0                DMA1_Stream4_IRQHandler
                0x00000000080056d0                I2C1_ER_IRQHandler
                0x00000000080056d0                DMA2_Stream6_IRQHandler
                0x00000000080056d0                DMA1_Stream3_IRQHandler
 *fill*         0x00000000080056d2        0x2 
 .text.__errno  0x00000000080056d4        0xc c:/st/stm32cubeide_1.0.1/stm32cubeide/plugins/com.st.stm32cube.ide.mcu.externaltools.gnu-tools-for-stm32.7-2018-q2-update.win32_1.0.0.201904181610/tools/bin/../lib/gcc/arm-none-eabi/7.3.1/../../../../arm-none-eabi/lib/thumb/v7e-m/fpv4-sp/hard\libc_nano.a(lib_a-errno.o)
                0x00000000080056d4                __errno
 .text.__libc_init_array
                0x00000000080056e0       0x48 c:/st/stm32cubeide_1.0.1/stm32cubeide/plugins/com.st.stm32cube.ide.mcu.externaltools.gnu-tools-for-stm32.7-2018-q2-update.win32_1.0.0.201904181610/tools/bin/../lib/gcc/arm-none-eabi/7.3.1/../../../../arm-none-eabi/lib/thumb/v7e-m/fpv4-sp/hard\libc_nano.a(lib_a-init.o)
                0x00000000080056e0                __libc_init_array
 .text.memset   0x0000000008005728       0x10 c:/st/stm32cubeide_1.0.1/stm32cubeide/plugins/com.st.stm32cube.ide.mcu.externaltools.gnu-tools-for-stm32.7-2018-q2-update.win32_1.0.0.201904181610/tools/bin/../lib/gcc/arm-none-eabi/7.3.1/../../../../arm-none-eabi/lib/thumb/v7e-m/fpv4-sp/hard\libc_nano.a(lib_a-memset.o)
                0x0000000008005728                memset
 .text.sprintf  0x0000000008005738       0x40 c:/st/stm32cubeide_1.0.1/stm32cubeide/plugins/com.st.stm32cube.ide.mcu.externaltools.gnu-tools-for-stm32.7-2018-q2-update.win32_1.0.0.201904181610/tools/bin/../lib/gcc/arm-none-eabi/7.3.1/../../../../arm-none-eabi/lib/thumb/v7e-m/fpv4-sp/hard\libc_nano.a(lib_a-sprintf.o)
                0x0000000008005738                siprintf
                0x0000000008005738                sprintf
 .text.__ssputs_r
                0x0000000008005778       0xb4 c:/st/stm32cubeide_1.0.1/stm32cubeide/plugins/com.st.stm32cube.ide.mcu.externaltools.gnu-tools-for-stm32.7-2018-q2-update.win32_1.0.0.201904181610/tools/bin/../lib/gcc/arm-none-eabi/7.3.1/../../../../arm-none-eabi/lib/thumb/v7e-m/fpv4-sp/hard\libc_nano.a(lib_a-nano-svfprintf.o)
                0x0000000008005778                __ssputs_r
 .text._svfprintf_r
                0x000000000800582c      0x1f0 c:/st/stm32cubeide_1.0.1/stm32cubeide/plugins/com.st.stm32cube.ide.mcu.externaltools.gnu-tools-for-stm32.7-2018-q2-update.win32_1.0.0.201904181610/tools/bin/../lib/gcc/arm-none-eabi/7.3.1/../../../../arm-none-eabi/lib/thumb/v7e-m/fpv4-sp/hard\libc_nano.a(lib_a-nano-svfprintf.o)
                0x000000000800582c                _svfiprintf_r
                0x000000000800582c                _svfprintf_r
 .text._printf_common
                0x0000000008005a1c       0xea c:/st/stm32cubeide_1.0.1/stm32cubeide/plugins/com.st.stm32cube.ide.mcu.externaltools.gnu-tools-for-stm32.7-2018-q2-update.win32_1.0.0.201904181610/tools/bin/../lib/gcc/arm-none-eabi/7.3.1/../../../../arm-none-eabi/lib/thumb/v7e-m/fpv4-sp/hard\libc_nano.a(lib_a-nano-vfprintf_i.o)
                0x0000000008005a1c                _printf_common
 *fill*         0x0000000008005b06        0x2 
 .text._printf_i
                0x0000000008005b08      0x224 c:/st/stm32cubeide_1.0.1/stm32cubeide/plugins/com.st.stm32cube.ide.mcu.externaltools.gnu-tools-for-stm32.7-2018-q2-update.win32_1.0.0.201904181610/tools/bin/../lib/gcc/arm-none-eabi/7.3.1/../../../../arm-none-eabi/lib/thumb/v7e-m/fpv4-sp/hard\libc_nano.a(lib_a-nano-vfprintf_i.o)
                0x0000000008005b08                _printf_i
 .text.memcpy   0x0000000008005d2c       0x16 c:/st/stm32cubeide_1.0.1/stm32cubeide/plugins/com.st.stm32cube.ide.mcu.externaltools.gnu-tools-for-stm32.7-2018-q2-update.win32_1.0.0.201904181610/tools/bin/../lib/gcc/arm-none-eabi/7.3.1/../../../../arm-none-eabi/lib/thumb/v7e-m/fpv4-sp/hard\libc_nano.a(lib_a-memcpy-stub.o)
                0x0000000008005d2c                memcpy
 .text.memmove  0x0000000008005d42       0x32 c:/st/stm32cubeide_1.0.1/stm32cubeide/plugins/com.st.stm32cube.ide.mcu.externaltools.gnu-tools-for-stm32.7-2018-q2-update.win32_1.0.0.201904181610/tools/bin/../lib/gcc/arm-none-eabi/7.3.1/../../../../arm-none-eabi/lib/thumb/v7e-m/fpv4-sp/hard\libc_nano.a(lib_a-memmove.o)
                0x0000000008005d42                memmove
 .text._free_r  0x0000000008005d74       0x9c c:/st/stm32cubeide_1.0.1/stm32cubeide/plugins/com.st.stm32cube.ide.mcu.externaltools.gnu-tools-for-stm32.7-2018-q2-update.win32_1.0.0.201904181610/tools/bin/../lib/gcc/arm-none-eabi/7.3.1/../../../../arm-none-eabi/lib/thumb/v7e-m/fpv4-sp/hard\libc_nano.a(lib_a-nano-freer.o)
                0x0000000008005d74                _free_r
 .text._malloc_r
                0x0000000008005e10       0xb4 c:/st/stm32cubeide_1.0.1/stm32cubeide/plugins/com.st.stm32cube.ide.mcu.externaltools.gnu-tools-for-stm32.7-2018-q2-update.win32_1.0.0.201904181610/tools/bin/../lib/gcc/arm-none-eabi/7.3.1/../../../../arm-none-eabi/lib/thumb/v7e-m/fpv4-sp/hard\libc_nano.a(lib_a-nano-mallocr.o)
                0x0000000008005e10                _malloc_r
 .text._realloc_r
                0x0000000008005ec4       0x4c c:/st/stm32cubeide_1.0.1/stm32cubeide/plugins/com.st.stm32cube.ide.mcu.externaltools.gnu-tools-for-stm32.7-2018-q2-update.win32_1.0.0.201904181610/tools/bin/../lib/gcc/arm-none-eabi/7.3.1/../../../../arm-none-eabi/lib/thumb/v7e-m/fpv4-sp/hard\libc_nano.a(lib_a-nano-reallocr.o)
                0x0000000008005ec4                _realloc_r
 .text._sbrk_r  0x0000000008005f10       0x20 c:/st/stm32cubeide_1.0.1/stm32cubeide/plugins/com.st.stm32cube.ide.mcu.externaltools.gnu-tools-for-stm32.7-2018-q2-update.win32_1.0.0.201904181610/tools/bin/../lib/gcc/arm-none-eabi/7.3.1/../../../../arm-none-eabi/lib/thumb/v7e-m/fpv4-sp/hard\libc_nano.a(lib_a-sbrkr.o)
                0x0000000008005f10                _sbrk_r
 .text.__malloc_lock
                0x0000000008005f30        0x2 c:/st/stm32cubeide_1.0.1/stm32cubeide/plugins/com.st.stm32cube.ide.mcu.externaltools.gnu-tools-for-stm32.7-2018-q2-update.win32_1.0.0.201904181610/tools/bin/../lib/gcc/arm-none-eabi/7.3.1/../../../../arm-none-eabi/lib/thumb/v7e-m/fpv4-sp/hard\libc_nano.a(lib_a-mlock.o)
                0x0000000008005f30                __malloc_lock
 .text.__malloc_unlock
                0x0000000008005f32        0x2 c:/st/stm32cubeide_1.0.1/stm32cubeide/plugins/com.st.stm32cube.ide.mcu.externaltools.gnu-tools-for-stm32.7-2018-q2-update.win32_1.0.0.201904181610/tools/bin/../lib/gcc/arm-none-eabi/7.3.1/../../../../arm-none-eabi/lib/thumb/v7e-m/fpv4-sp/hard\libc_nano.a(lib_a-mlock.o)
                0x0000000008005f32                __malloc_unlock
 .text._malloc_usable_size_r
                0x0000000008005f34       0x10 c:/st/stm32cubeide_1.0.1/stm32cubeide/plugins/com.st.stm32cube.ide.mcu.externaltools.gnu-tools-for-stm32.7-2018-q2-update.win32_1.0.0.201904181610/tools/bin/../lib/gcc/arm-none-eabi/7.3.1/../../../../arm-none-eabi/lib/thumb/v7e-m/fpv4-sp/hard\libc_nano.a(lib_a-nano-msizer.o)
                0x0000000008005f34                _malloc_usable_size_r
 *(.glue_7)
 .glue_7        0x0000000008005f44        0x0 linker stubs
 *(.glue_7t)
 .glue_7t       0x0000000008005f44        0x0 linker stubs
 *(.eh_frame)
 .eh_frame      0x0000000008005f44        0x0 c:/st/stm32cubeide_1.0.1/stm32cubeide/plugins/com.st.stm32cube.ide.mcu.externaltools.gnu-tools-for-stm32.7-2018-q2-update.win32_1.0.0.201904181610/tools/bin/../lib/gcc/arm-none-eabi/7.3.1/thumb/v7e-m/fpv4-sp/hard/crtbegin.o
 *(.init)
 .init          0x0000000008005f44        0x4 c:/st/stm32cubeide_1.0.1/stm32cubeide/plugins/com.st.stm32cube.ide.mcu.externaltools.gnu-tools-for-stm32.7-2018-q2-update.win32_1.0.0.201904181610/tools/bin/../lib/gcc/arm-none-eabi/7.3.1/thumb/v7e-m/fpv4-sp/hard/crti.o
                0x0000000008005f44                _init
 .init          0x0000000008005f48        0x8 c:/st/stm32cubeide_1.0.1/stm32cubeide/plugins/com.st.stm32cube.ide.mcu.externaltools.gnu-tools-for-stm32.7-2018-q2-update.win32_1.0.0.201904181610/tools/bin/../lib/gcc/arm-none-eabi/7.3.1/thumb/v7e-m/fpv4-sp/hard/crtn.o
 *(.fini)
 .fini          0x0000000008005f50        0x4 c:/st/stm32cubeide_1.0.1/stm32cubeide/plugins/com.st.stm32cube.ide.mcu.externaltools.gnu-tools-for-stm32.7-2018-q2-update.win32_1.0.0.201904181610/tools/bin/../lib/gcc/arm-none-eabi/7.3.1/thumb/v7e-m/fpv4-sp/hard/crti.o
                0x0000000008005f50                _fini
 .fini          0x0000000008005f54        0x8 c:/st/stm32cubeide_1.0.1/stm32cubeide/plugins/com.st.stm32cube.ide.mcu.externaltools.gnu-tools-for-stm32.7-2018-q2-update.win32_1.0.0.201904181610/tools/bin/../lib/gcc/arm-none-eabi/7.3.1/thumb/v7e-m/fpv4-sp/hard/crtn.o
                0x0000000008005f5c                . = ALIGN (0x4)
                0x0000000008005f5c                _etext = .

.vfp11_veneer   0x0000000008005f5c        0x0
 .vfp11_veneer  0x0000000008005f5c        0x0 linker stubs

.v4_bx          0x0000000008005f5c        0x0
 .v4_bx         0x0000000008005f5c        0x0 linker stubs

.iplt           0x0000000008005f5c        0x0
 .iplt          0x0000000008005f5c        0x0 c:/st/stm32cubeide_1.0.1/stm32cubeide/plugins/com.st.stm32cube.ide.mcu.externaltools.gnu-tools-for-stm32.7-2018-q2-update.win32_1.0.0.201904181610/tools/bin/../lib/gcc/arm-none-eabi/7.3.1/thumb/v7e-m/fpv4-sp/hard/crtbegin.o

.rodata         0x0000000008005f5c      0x130
                0x0000000008005f5c                . = ALIGN (0x4)
 *(.rodata)
 .rodata        0x0000000008005f5c       0xe3 Src/main.o
 *(.rodata*)
 *fill*         0x000000000800603f        0x1 
 .rodata.AHBPrescTable
                0x0000000008006040       0x10 Src/system_stm32f4xx.o
                0x0000000008006040                AHBPrescTable
 .rodata.APBPrescTable
                0x0000000008006050        0x8 Src/system_stm32f4xx.o
                0x0000000008006050                APBPrescTable
 .rodata._svfprintf_r.str1.1
                0x0000000008006058       0x11 c:/st/stm32cubeide_1.0.1/stm32cubeide/plugins/com.st.stm32cube.ide.mcu.externaltools.gnu-tools-for-stm32.7-2018-q2-update.win32_1.0.0.201904181610/tools/bin/../lib/gcc/arm-none-eabi/7.3.1/../../../../arm-none-eabi/lib/thumb/v7e-m/fpv4-sp/hard\libc_nano.a(lib_a-nano-svfprintf.o)
 .rodata._printf_i.str1.1
                0x0000000008006069       0x22 c:/st/stm32cubeide_1.0.1/stm32cubeide/plugins/com.st.stm32cube.ide.mcu.externaltools.gnu-tools-for-stm32.7-2018-q2-update.win32_1.0.0.201904181610/tools/bin/../lib/gcc/arm-none-eabi/7.3.1/../../../../arm-none-eabi/lib/thumb/v7e-m/fpv4-sp/hard\libc_nano.a(lib_a-nano-vfprintf_i.o)
                0x000000000800608c                . = ALIGN (0x4)
 *fill*         0x000000000800608b        0x1 

.ARM.extab      0x000000000800608c        0x0
                0x000000000800608c                . = ALIGN (0x4)
 *(.ARM.extab* .gnu.linkonce.armextab.*)
                0x000000000800608c                . = ALIGN (0x4)

.ARM            0x000000000800608c        0x8
                0x000000000800608c                . = ALIGN (0x4)
                0x000000000800608c                __exidx_start = .
 *(.ARM.exidx*)
 .ARM.exidx     0x000000000800608c        0x8 c:/st/stm32cubeide_1.0.1/stm32cubeide/plugins/com.st.stm32cube.ide.mcu.externaltools.gnu-tools-for-stm32.7-2018-q2-update.win32_1.0.0.201904181610/tools/bin/../lib/gcc/arm-none-eabi/7.3.1/thumb/v7e-m/fpv4-sp/hard\libgcc.a(_udivmoddi4.o)
                0x0000000008006094                __exidx_end = .
                0x0000000008006094                . = ALIGN (0x4)

.rel.dyn        0x0000000008006094        0x0
 .rel.iplt      0x0000000008006094        0x0 c:/st/stm32cubeide_1.0.1/stm32cubeide/plugins/com.st.stm32cube.ide.mcu.externaltools.gnu-tools-for-stm32.7-2018-q2-update.win32_1.0.0.201904181610/tools/bin/../lib/gcc/arm-none-eabi/7.3.1/thumb/v7e-m/fpv4-sp/hard/crtbegin.o

.preinit_array  0x0000000008006094        0x0
                0x0000000008006094                . = ALIGN (0x4)
                0x0000000008006094                PROVIDE (__preinit_array_start = .)
 *(.preinit_array*)
                0x0000000008006094                PROVIDE (__preinit_array_end = .)
                0x0000000008006094                . = ALIGN (0x4)

.init_array     0x0000000008006094        0x4
                0x0000000008006094                . = ALIGN (0x4)
                0x0000000008006094                PROVIDE (__init_array_start = .)
 *(SORT_BY_NAME(.init_array.*))
 *(.init_array*)
 .init_array    0x0000000008006094        0x4 c:/st/stm32cubeide_1.0.1/stm32cubeide/plugins/com.st.stm32cube.ide.mcu.externaltools.gnu-tools-for-stm32.7-2018-q2-update.win32_1.0.0.201904181610/tools/bin/../lib/gcc/arm-none-eabi/7.3.1/thumb/v7e-m/fpv4-sp/hard/crtbegin.o
                0x0000000008006098                PROVIDE (__init_array_end = .)
                0x0000000008006098                . = ALIGN (0x4)

.fini_array     0x0000000008006098        0x4
                0x0000000008006098                . = ALIGN (0x4)
                [!provide]                        PROVIDE (__fini_array_start = .)
 *(SORT_BY_NAME(.fini_array.*))
 *(.fini_array*)
 .fini_array    0x0000000008006098        0x4 c:/st/stm32cubeide_1.0.1/stm32cubeide/plugins/com.st.stm32cube.ide.mcu.externaltools.gnu-tools-for-stm32.7-2018-q2-update.win32_1.0.0.201904181610/tools/bin/../lib/gcc/arm-none-eabi/7.3.1/thumb/v7e-m/fpv4-sp/hard/crtbegin.o
                [!provide]                        PROVIDE (__fini_array_end = .)
                0x000000000800609c                . = ALIGN (0x4)
                0x000000000800609c                _sidata = LOADADDR (.data)

.data           0x0000000020000000       0xb8 load address 0x000000000800609c
                0x0000000020000000                . = ALIGN (0x4)
                0x0000000020000000                _sdata = .
 *(.data)
 *(.data*)
 .data.uwTickPrio
                0x0000000020000000        0x4 Drivers/STM32F4xx_HAL_Driver/Src/stm32f4xx_hal.o
                0x0000000020000000                uwTickPrio
 .data.uwTickFreq
                0x0000000020000004        0x1 Drivers/STM32F4xx_HAL_Driver/Src/stm32f4xx_hal.o
                0x0000000020000004                uwTickFreq
 *fill*         0x0000000020000005        0x3 
 .data.decode_str.8395
                0x0000000020000008       0x48 Src/main.o
 .data.SystemCoreClock
                0x0000000020000050        0x4 Src/system_stm32f4xx.o
                0x0000000020000050                SystemCoreClock
 .data._impure_ptr
                0x0000000020000054        0x4 c:/st/stm32cubeide_1.0.1/stm32cubeide/plugins/com.st.stm32cube.ide.mcu.externaltools.gnu-tools-for-stm32.7-2018-q2-update.win32_1.0.0.201904181610/tools/bin/../lib/gcc/arm-none-eabi/7.3.1/../../../../arm-none-eabi/lib/thumb/v7e-m/fpv4-sp/hard\libc_nano.a(lib_a-impure.o)
                0x0000000020000054                _impure_ptr
 .data.impure_data
                0x0000000020000058       0x60 c:/st/stm32cubeide_1.0.1/stm32cubeide/plugins/com.st.stm32cube.ide.mcu.externaltools.gnu-tools-for-stm32.7-2018-q2-update.win32_1.0.0.201904181610/tools/bin/../lib/gcc/arm-none-eabi/7.3.1/../../../../arm-none-eabi/lib/thumb/v7e-m/fpv4-sp/hard\libc_nano.a(lib_a-impure.o)
                0x00000000200000b8                . = ALIGN (0x4)
                0x00000000200000b8                _edata = .

.igot.plt       0x00000000200000b8        0x0 load address 0x0000000008006154
 .igot.plt      0x00000000200000b8        0x0 c:/st/stm32cubeide_1.0.1/stm32cubeide/plugins/com.st.stm32cube.ide.mcu.externaltools.gnu-tools-for-stm32.7-2018-q2-update.win32_1.0.0.201904181610/tools/bin/../lib/gcc/arm-none-eabi/7.3.1/thumb/v7e-m/fpv4-sp/hard/crtbegin.o
                0x00000000200000b8                . = ALIGN (0x4)

.bss            0x00000000200000b8      0x30c load address 0x0000000008006154
                0x00000000200000b8                _sbss = .
                0x00000000200000b8                __bss_start__ = _sbss
 *(.bss)
 .bss           0x00000000200000b8       0x1c c:/st/stm32cubeide_1.0.1/stm32cubeide/plugins/com.st.stm32cube.ide.mcu.externaltools.gnu-tools-for-stm32.7-2018-q2-update.win32_1.0.0.201904181610/tools/bin/../lib/gcc/arm-none-eabi/7.3.1/thumb/v7e-m/fpv4-sp/hard/crtbegin.o
 *(.bss*)
 .bss.heap_end.6424
                0x00000000200000d4        0x4 Src/sysmem.o
 .bss.__malloc_free_list
                0x00000000200000d8        0x4 c:/st/stm32cubeide_1.0.1/stm32cubeide/plugins/com.st.stm32cube.ide.mcu.externaltools.gnu-tools-for-stm32.7-2018-q2-update.win32_1.0.0.201904181610/tools/bin/../lib/gcc/arm-none-eabi/7.3.1/../../../../arm-none-eabi/lib/thumb/v7e-m/fpv4-sp/hard\libc_nano.a(lib_a-nano-mallocr.o)
                0x00000000200000d8                __malloc_free_list
 .bss.__malloc_sbrk_start
                0x00000000200000dc        0x4 c:/st/stm32cubeide_1.0.1/stm32cubeide/plugins/com.st.stm32cube.ide.mcu.externaltools.gnu-tools-for-stm32.7-2018-q2-update.win32_1.0.0.201904181610/tools/bin/../lib/gcc/arm-none-eabi/7.3.1/../../../../arm-none-eabi/lib/thumb/v7e-m/fpv4-sp/hard\libc_nano.a(lib_a-nano-mallocr.o)
                0x00000000200000dc                __malloc_sbrk_start
 *(COMMON)
 COMMON         0x00000000200000e0        0x4 Drivers/STM32F4xx_HAL_Driver/Src/stm32f4xx_hal.o
                0x00000000200000e0                uwTick
 COMMON         0x00000000200000e4      0x21c Src/IRremote.o
                0x00000000200000e4                irparams
                0x00000000200002ec                results
 COMMON         0x0000000020000300       0xc0 Src/main.o
                0x0000000020000300                htim4
                0x0000000020000340                huart1
                0x0000000020000380                huart2
 COMMON         0x00000000200003c0        0x4 c:/st/stm32cubeide_1.0.1/stm32cubeide/plugins/com.st.stm32cube.ide.mcu.externaltools.gnu-tools-for-stm32.7-2018-q2-update.win32_1.0.0.201904181610/tools/bin/../lib/gcc/arm-none-eabi/7.3.1/../../../../arm-none-eabi/lib/thumb/v7e-m/fpv4-sp/hard\libc_nano.a(lib_a-reent.o)
                0x00000000200003c0                errno
                0x00000000200003c4                . = ALIGN (0x4)
                0x00000000200003c4                _ebss = .
                0x00000000200003c4                __bss_end__ = _ebss

._user_heap_stack
                0x00000000200003c4      0x604 load address 0x0000000008006154
                0x00000000200003c8                . = ALIGN (0x8)
 *fill*         0x00000000200003c4        0x4 
                0x00000000200003c8                PROVIDE (end = .)
                [!provide]                        PROVIDE (_end = .)
                0x00000000200005c8                . = (. + _Min_Heap_Size)
 *fill*         0x00000000200003c8      0x200 
                0x00000000200009c8                . = (. + _Min_Stack_Size)
 *fill*         0x00000000200005c8      0x400 
                0x00000000200009c8                . = ALIGN (0x8)

/DISCARD/
 libc.a(*)
 libm.a(*)
 libgcc.a(*)

.ARM.attributes
                0x0000000000000000       0x30
 *(.ARM.attributes)
 .ARM.attributes
                0x0000000000000000       0x22 c:/st/stm32cubeide_1.0.1/stm32cubeide/plugins/com.st.stm32cube.ide.mcu.externaltools.gnu-tools-for-stm32.7-2018-q2-update.win32_1.0.0.201904181610/tools/bin/../lib/gcc/arm-none-eabi/7.3.1/thumb/v7e-m/fpv4-sp/hard/crti.o
 .ARM.attributes
                0x0000000000000022       0x34 c:/st/stm32cubeide_1.0.1/stm32cubeide/plugins/com.st.stm32cube.ide.mcu.externaltools.gnu-tools-for-stm32.7-2018-q2-update.win32_1.0.0.201904181610/tools/bin/../lib/gcc/arm-none-eabi/7.3.1/thumb/v7e-m/fpv4-sp/hard/crtbegin.o
 .ARM.attributes
                0x0000000000000056       0x39 Drivers/STM32F4xx_HAL_Driver/Src/stm32f4xx_hal.o
 .ARM.attributes
                0x000000000000008f       0x39 Drivers/STM32F4xx_HAL_Driver/Src/stm32f4xx_hal_cortex.o
 .ARM.attributes
                0x00000000000000c8       0x39 Drivers/STM32F4xx_HAL_Driver/Src/stm32f4xx_hal_dma.o
 .ARM.attributes
                0x0000000000000101       0x39 Drivers/STM32F4xx_HAL_Driver/Src/stm32f4xx_hal_gpio.o
 .ARM.attributes
                0x000000000000013a       0x39 Drivers/STM32F4xx_HAL_Driver/Src/stm32f4xx_hal_rcc.o
 .ARM.attributes
                0x0000000000000173       0x39 Drivers/STM32F4xx_HAL_Driver/Src/stm32f4xx_hal_tim.o
 .ARM.attributes
                0x00000000000001ac       0x39 Drivers/STM32F4xx_HAL_Driver/Src/stm32f4xx_hal_tim_ex.o
 .ARM.attributes
                0x00000000000001e5       0x39 Drivers/STM32F4xx_HAL_Driver/Src/stm32f4xx_hal_uart.o
 .ARM.attributes
                0x000000000000021e       0x39 Src/IRremote.o
 .ARM.attributes
                0x0000000000000257       0x39 Src/irSend.o
 .ARM.attributes
                0x0000000000000290       0x39 Src/ir_Aiwa.o
 .ARM.attributes
                0x00000000000002c9       0x39 Src/ir_Denon.o
 .ARM.attributes
                0x0000000000000302       0x39 Src/ir_JVC.o
 .ARM.attributes
                0x000000000000033b       0x39 Src/ir_LG.o
 .ARM.attributes
                0x0000000000000374       0x39 Src/ir_Mitsubishi.o
 .ARM.attributes
                0x00000000000003ad       0x39 Src/ir_NEC.o
 .ARM.attributes
                0x00000000000003e6       0x39 Src/ir_Panasonic.o
 .ARM.attributes
                0x000000000000041f       0x39 Src/ir_RC5_RC6.o
 .ARM.attributes
                0x0000000000000458       0x39 Src/ir_Samsung.o
 .ARM.attributes
                0x0000000000000491       0x39 Src/ir_Sanyo.o
 .ARM.attributes
                0x00000000000004ca       0x39 Src/ir_Sony.o
 .ARM.attributes
                0x0000000000000503       0x39 Src/ir_Whynter.o
 .ARM.attributes
                0x000000000000053c       0x39 Src/main.o
 .ARM.attributes
                0x0000000000000575       0x39 Src/stm32f4xx_hal_msp.o
 .ARM.attributes
                0x00000000000005ae       0x39 Src/stm32f4xx_it.o
 .ARM.attributes
                0x00000000000005e7       0x39 Src/sysmem.o
 .ARM.attributes
                0x0000000000000620       0x39 Src/system_stm32f4xx.o
 .ARM.attributes
                0x0000000000000659       0x21 Startup/startup_stm32f411vetx.o
 .ARM.attributes
                0x000000000000067a       0x34 c:/st/stm32cubeide_1.0.1/stm32cubeide/plugins/com.st.stm32cube.ide.mcu.externaltools.gnu-tools-for-stm32.7-2018-q2-update.win32_1.0.0.201904181610/tools/bin/../lib/gcc/arm-none-eabi/7.3.1/../../../../arm-none-eabi/lib/thumb/v7e-m/fpv4-sp/hard\libc_nano.a(lib_a-errno.o)
 .ARM.attributes
                0x00000000000006ae       0x34 c:/st/stm32cubeide_1.0.1/stm32cubeide/plugins/com.st.stm32cube.ide.mcu.externaltools.gnu-tools-for-stm32.7-2018-q2-update.win32_1.0.0.201904181610/tools/bin/../lib/gcc/arm-none-eabi/7.3.1/../../../../arm-none-eabi/lib/thumb/v7e-m/fpv4-sp/hard\libc_nano.a(lib_a-impure.o)
 .ARM.attributes
                0x00000000000006e2       0x34 c:/st/stm32cubeide_1.0.1/stm32cubeide/plugins/com.st.stm32cube.ide.mcu.externaltools.gnu-tools-for-stm32.7-2018-q2-update.win32_1.0.0.201904181610/tools/bin/../lib/gcc/arm-none-eabi/7.3.1/../../../../arm-none-eabi/lib/thumb/v7e-m/fpv4-sp/hard\libc_nano.a(lib_a-init.o)
 .ARM.attributes
                0x0000000000000716       0x34 c:/st/stm32cubeide_1.0.1/stm32cubeide/plugins/com.st.stm32cube.ide.mcu.externaltools.gnu-tools-for-stm32.7-2018-q2-update.win32_1.0.0.201904181610/tools/bin/../lib/gcc/arm-none-eabi/7.3.1/../../../../arm-none-eabi/lib/thumb/v7e-m/fpv4-sp/hard\libc_nano.a(lib_a-memset.o)
 .ARM.attributes
                0x000000000000074a       0x34 c:/st/stm32cubeide_1.0.1/stm32cubeide/plugins/com.st.stm32cube.ide.mcu.externaltools.gnu-tools-for-stm32.7-2018-q2-update.win32_1.0.0.201904181610/tools/bin/../lib/gcc/arm-none-eabi/7.3.1/../../../../arm-none-eabi/lib/thumb/v7e-m/fpv4-sp/hard\libc_nano.a(lib_a-sprintf.o)
 .ARM.attributes
                0x000000000000077e       0x1b c:/st/stm32cubeide_1.0.1/stm32cubeide/plugins/com.st.stm32cube.ide.mcu.externaltools.gnu-tools-for-stm32.7-2018-q2-update.win32_1.0.0.201904181610/tools/bin/../lib/gcc/arm-none-eabi/7.3.1/../../../../arm-none-eabi/lib/thumb/v7e-m/fpv4-sp/hard\libc_nano.a(lib_a-strlen.o)
 .ARM.attributes
                0x0000000000000799       0x34 c:/st/stm32cubeide_1.0.1/stm32cubeide/plugins/com.st.stm32cube.ide.mcu.externaltools.gnu-tools-for-stm32.7-2018-q2-update.win32_1.0.0.201904181610/tools/bin/../lib/gcc/arm-none-eabi/7.3.1/../../../../arm-none-eabi/lib/thumb/v7e-m/fpv4-sp/hard\libc_nano.a(lib_a-nano-svfprintf.o)
 .ARM.attributes
                0x00000000000007cd       0x34 c:/st/stm32cubeide_1.0.1/stm32cubeide/plugins/com.st.stm32cube.ide.mcu.externaltools.gnu-tools-for-stm32.7-2018-q2-update.win32_1.0.0.201904181610/tools/bin/../lib/gcc/arm-none-eabi/7.3.1/../../../../arm-none-eabi/lib/thumb/v7e-m/fpv4-sp/hard\libc_nano.a(lib_a-nano-vfprintf_i.o)
 .ARM.attributes
                0x0000000000000801       0x20 c:/st/stm32cubeide_1.0.1/stm32cubeide/plugins/com.st.stm32cube.ide.mcu.externaltools.gnu-tools-for-stm32.7-2018-q2-update.win32_1.0.0.201904181610/tools/bin/../lib/gcc/arm-none-eabi/7.3.1/../../../../arm-none-eabi/lib/thumb/v7e-m/fpv4-sp/hard\libc_nano.a(lib_a-memchr.o)
 .ARM.attributes
                0x0000000000000821       0x34 c:/st/stm32cubeide_1.0.1/stm32cubeide/plugins/com.st.stm32cube.ide.mcu.externaltools.gnu-tools-for-stm32.7-2018-q2-update.win32_1.0.0.201904181610/tools/bin/../lib/gcc/arm-none-eabi/7.3.1/../../../../arm-none-eabi/lib/thumb/v7e-m/fpv4-sp/hard\libc_nano.a(lib_a-memcpy-stub.o)
 .ARM.attributes
                0x0000000000000855       0x34 c:/st/stm32cubeide_1.0.1/stm32cubeide/plugins/com.st.stm32cube.ide.mcu.externaltools.gnu-tools-for-stm32.7-2018-q2-update.win32_1.0.0.201904181610/tools/bin/../lib/gcc/arm-none-eabi/7.3.1/../../../../arm-none-eabi/lib/thumb/v7e-m/fpv4-sp/hard\libc_nano.a(lib_a-memmove.o)
 .ARM.attributes
                0x0000000000000889       0x34 c:/st/stm32cubeide_1.0.1/stm32cubeide/plugins/com.st.stm32cube.ide.mcu.externaltools.gnu-tools-for-stm32.7-2018-q2-update.win32_1.0.0.201904181610/tools/bin/../lib/gcc/arm-none-eabi/7.3.1/../../../../arm-none-eabi/lib/thumb/v7e-m/fpv4-sp/hard\libc_nano.a(lib_a-nano-freer.o)
 .ARM.attributes
                0x00000000000008bd       0x34 c:/st/stm32cubeide_1.0.1/stm32cubeide/plugins/com.st.stm32cube.ide.mcu.externaltools.gnu-tools-for-stm32.7-2018-q2-update.win32_1.0.0.201904181610/tools/bin/../lib/gcc/arm-none-eabi/7.3.1/../../../../arm-none-eabi/lib/thumb/v7e-m/fpv4-sp/hard\libc_nano.a(lib_a-nano-mallocr.o)
 .ARM.attributes
                0x00000000000008f1       0x34 c:/st/stm32cubeide_1.0.1/stm32cubeide/plugins/com.st.stm32cube.ide.mcu.externaltools.gnu-tools-for-stm32.7-2018-q2-update.win32_1.0.0.201904181610/tools/bin/../lib/gcc/arm-none-eabi/7.3.1/../../../../arm-none-eabi/lib/thumb/v7e-m/fpv4-sp/hard\libc_nano.a(lib_a-nano-reallocr.o)
 .ARM.attributes
                0x0000000000000925       0x34 c:/st/stm32cubeide_1.0.1/stm32cubeide/plugins/com.st.stm32cube.ide.mcu.externaltools.gnu-tools-for-stm32.7-2018-q2-update.win32_1.0.0.201904181610/tools/bin/../lib/gcc/arm-none-eabi/7.3.1/../../../../arm-none-eabi/lib/thumb/v7e-m/fpv4-sp/hard\libc_nano.a(lib_a-sbrkr.o)
 .ARM.attributes
                0x0000000000000959       0x34 c:/st/stm32cubeide_1.0.1/stm32cubeide/plugins/com.st.stm32cube.ide.mcu.externaltools.gnu-tools-for-stm32.7-2018-q2-update.win32_1.0.0.201904181610/tools/bin/../lib/gcc/arm-none-eabi/7.3.1/../../../../arm-none-eabi/lib/thumb/v7e-m/fpv4-sp/hard\libc_nano.a(lib_a-mlock.o)
 .ARM.attributes
                0x000000000000098d       0x34 c:/st/stm32cubeide_1.0.1/stm32cubeide/plugins/com.st.stm32cube.ide.mcu.externaltools.gnu-tools-for-stm32.7-2018-q2-update.win32_1.0.0.201904181610/tools/bin/../lib/gcc/arm-none-eabi/7.3.1/../../../../arm-none-eabi/lib/thumb/v7e-m/fpv4-sp/hard\libc_nano.a(lib_a-nano-msizer.o)
 .ARM.attributes
                0x00000000000009c1       0x34 c:/st/stm32cubeide_1.0.1/stm32cubeide/plugins/com.st.stm32cube.ide.mcu.externaltools.gnu-tools-for-stm32.7-2018-q2-update.win32_1.0.0.201904181610/tools/bin/../lib/gcc/arm-none-eabi/7.3.1/../../../../arm-none-eabi/lib/thumb/v7e-m/fpv4-sp/hard\libc_nano.a(lib_a-reent.o)
 .ARM.attributes
                0x00000000000009f5       0x22 c:/st/stm32cubeide_1.0.1/stm32cubeide/plugins/com.st.stm32cube.ide.mcu.externaltools.gnu-tools-for-stm32.7-2018-q2-update.win32_1.0.0.201904181610/tools/bin/../lib/gcc/arm-none-eabi/7.3.1/thumb/v7e-m/fpv4-sp/hard\libgcc.a(_arm_addsubdf3.o)
 .ARM.attributes
                0x0000000000000a17       0x22 c:/st/stm32cubeide_1.0.1/stm32cubeide/plugins/com.st.stm32cube.ide.mcu.externaltools.gnu-tools-for-stm32.7-2018-q2-update.win32_1.0.0.201904181610/tools/bin/../lib/gcc/arm-none-eabi/7.3.1/thumb/v7e-m/fpv4-sp/hard\libgcc.a(_arm_muldivdf3.o)
 .ARM.attributes
                0x0000000000000a39       0x22 c:/st/stm32cubeide_1.0.1/stm32cubeide/plugins/com.st.stm32cube.ide.mcu.externaltools.gnu-tools-for-stm32.7-2018-q2-update.win32_1.0.0.201904181610/tools/bin/../lib/gcc/arm-none-eabi/7.3.1/thumb/v7e-m/fpv4-sp/hard\libgcc.a(_arm_cmpdf2.o)
 .ARM.attributes
                0x0000000000000a5b       0x22 c:/st/stm32cubeide_1.0.1/stm32cubeide/plugins/com.st.stm32cube.ide.mcu.externaltools.gnu-tools-for-stm32.7-2018-q2-update.win32_1.0.0.201904181610/tools/bin/../lib/gcc/arm-none-eabi/7.3.1/thumb/v7e-m/fpv4-sp/hard\libgcc.a(_arm_fixdfsi.o)
 .ARM.attributes
                0x0000000000000a7d       0x22 c:/st/stm32cubeide_1.0.1/stm32cubeide/plugins/com.st.stm32cube.ide.mcu.externaltools.gnu-tools-for-stm32.7-2018-q2-update.win32_1.0.0.201904181610/tools/bin/../lib/gcc/arm-none-eabi/7.3.1/thumb/v7e-m/fpv4-sp/hard\libgcc.a(_aeabi_uldivmod.o)
 .ARM.attributes
                0x0000000000000a9f       0x34 c:/st/stm32cubeide_1.0.1/stm32cubeide/plugins/com.st.stm32cube.ide.mcu.externaltools.gnu-tools-for-stm32.7-2018-q2-update.win32_1.0.0.201904181610/tools/bin/../lib/gcc/arm-none-eabi/7.3.1/thumb/v7e-m/fpv4-sp/hard\libgcc.a(_udivmoddi4.o)
 .ARM.attributes
                0x0000000000000ad3       0x22 c:/st/stm32cubeide_1.0.1/stm32cubeide/plugins/com.st.stm32cube.ide.mcu.externaltools.gnu-tools-for-stm32.7-2018-q2-update.win32_1.0.0.201904181610/tools/bin/../lib/gcc/arm-none-eabi/7.3.1/thumb/v7e-m/fpv4-sp/hard\libgcc.a(_dvmd_tls.o)
 .ARM.attributes
                0x0000000000000af5       0x22 c:/st/stm32cubeide_1.0.1/stm32cubeide/plugins/com.st.stm32cube.ide.mcu.externaltools.gnu-tools-for-stm32.7-2018-q2-update.win32_1.0.0.201904181610/tools/bin/../lib/gcc/arm-none-eabi/7.3.1/thumb/v7e-m/fpv4-sp/hard/crtn.o
OUTPUT(testIR_ver2.elf elf32-littlearm)

.debug_info     0x0000000000000000    0x12e02
 .debug_info    0x0000000000000000      0x8b5 Drivers/STM32F4xx_HAL_Driver/Src/stm32f4xx_hal.o
 .debug_info    0x00000000000008b5      0xd46 Drivers/STM32F4xx_HAL_Driver/Src/stm32f4xx_hal_cortex.o
 .debug_info    0x00000000000015fb      0x90e Drivers/STM32F4xx_HAL_Driver/Src/stm32f4xx_hal_dma.o
 .debug_info    0x0000000000001f09      0x78b Drivers/STM32F4xx_HAL_Driver/Src/stm32f4xx_hal_gpio.o
 .debug_info    0x0000000000002694      0x8ce Drivers/STM32F4xx_HAL_Driver/Src/stm32f4xx_hal_rcc.o
 .debug_info    0x0000000000002f62     0x244e Drivers/STM32F4xx_HAL_Driver/Src/stm32f4xx_hal_tim.o
 .debug_info    0x00000000000053b0     0x10fd Drivers/STM32F4xx_HAL_Driver/Src/stm32f4xx_hal_tim_ex.o
 .debug_info    0x00000000000064ad     0x11cd Drivers/STM32F4xx_HAL_Driver/Src/stm32f4xx_hal_uart.o
 .debug_info    0x000000000000767a      0xaa7 Src/IRremote.o
 .debug_info    0x0000000000008121      0xb11 Src/irSend.o
 .debug_info    0x0000000000008c32      0x83d Src/ir_Aiwa.o
 .debug_info    0x000000000000946f      0x839 Src/ir_Denon.o
 .debug_info    0x0000000000009ca8      0x847 Src/ir_JVC.o
 .debug_info    0x000000000000a4ef      0x83d Src/ir_LG.o
 .debug_info    0x000000000000ad2c      0x7dd Src/ir_Mitsubishi.o
 .debug_info    0x000000000000b509      0x839 Src/ir_NEC.o
 .debug_info    0x000000000000bd42      0x855 Src/ir_Panasonic.o
 .debug_info    0x000000000000c597      0x9ea Src/ir_RC5_RC6.o
 .debug_info    0x000000000000cf81      0x839 Src/ir_Samsung.o
 .debug_info    0x000000000000d7ba      0x7dd Src/ir_Sanyo.o
 .debug_info    0x000000000000df97      0x823 Src/ir_Sony.o
 .debug_info    0x000000000000e7ba      0x839 Src/ir_Whynter.o
 .debug_info    0x000000000000eff3     0x18d1 Src/main.o
 .debug_info    0x00000000000108c4      0xdff Src/stm32f4xx_hal_msp.o
 .debug_info    0x00000000000116c3      0x8d5 Src/stm32f4xx_it.o
 .debug_info    0x0000000000011f98      0x91c Src/sysmem.o
 .debug_info    0x00000000000128b4      0x52c Src/system_stm32f4xx.o
 .debug_info    0x0000000000012de0       0x22 Startup/startup_stm32f411vetx.o

.debug_abbrev   0x0000000000000000     0x3504
 .debug_abbrev  0x0000000000000000      0x1f6 Drivers/STM32F4xx_HAL_Driver/Src/stm32f4xx_hal.o
 .debug_abbrev  0x00000000000001f6      0x2fa Drivers/STM32F4xx_HAL_Driver/Src/stm32f4xx_hal_cortex.o
 .debug_abbrev  0x00000000000004f0      0x1f1 Drivers/STM32F4xx_HAL_Driver/Src/stm32f4xx_hal_dma.o
 .debug_abbrev  0x00000000000006e1      0x1c9 Drivers/STM32F4xx_HAL_Driver/Src/stm32f4xx_hal_gpio.o
 .debug_abbrev  0x00000000000008aa      0x245 Drivers/STM32F4xx_HAL_Driver/Src/stm32f4xx_hal_rcc.o
 .debug_abbrev  0x0000000000000aef      0x23f Drivers/STM32F4xx_HAL_Driver/Src/stm32f4xx_hal_tim.o
 .debug_abbrev  0x0000000000000d2e      0x22d Drivers/STM32F4xx_HAL_Driver/Src/stm32f4xx_hal_tim_ex.o
 .debug_abbrev  0x0000000000000f5b      0x251 Drivers/STM32F4xx_HAL_Driver/Src/stm32f4xx_hal_uart.o
 .debug_abbrev  0x00000000000011ac      0x22a Src/IRremote.o
 .debug_abbrev  0x00000000000013d6      0x207 Src/irSend.o
 .debug_abbrev  0x00000000000015dd      0x1ed Src/ir_Aiwa.o
 .debug_abbrev  0x00000000000017ca      0x1e2 Src/ir_Denon.o
 .debug_abbrev  0x00000000000019ac      0x1e2 Src/ir_JVC.o
 .debug_abbrev  0x0000000000001b8e      0x1e4 Src/ir_LG.o
 .debug_abbrev  0x0000000000001d72      0x1b2 Src/ir_Mitsubishi.o
 .debug_abbrev  0x0000000000001f24      0x1e2 Src/ir_NEC.o
 .debug_abbrev  0x0000000000002106      0x1ed Src/ir_Panasonic.o
 .debug_abbrev  0x00000000000022f3      0x1f3 Src/ir_RC5_RC6.o
 .debug_abbrev  0x00000000000024e6      0x1e2 Src/ir_Samsung.o
 .debug_abbrev  0x00000000000026c8      0x1b2 Src/ir_Sanyo.o
 .debug_abbrev  0x000000000000287a      0x1d3 Src/ir_Sony.o
 .debug_abbrev  0x0000000000002a4d      0x1e2 Src/ir_Whynter.o
 .debug_abbrev  0x0000000000002c2f      0x2e8 Src/main.o
 .debug_abbrev  0x0000000000002f17      0x1a6 Src/stm32f4xx_hal_msp.o
 .debug_abbrev  0x00000000000030bd      0x169 Src/stm32f4xx_it.o
 .debug_abbrev  0x0000000000003226      0x1bb Src/sysmem.o
 .debug_abbrev  0x00000000000033e1      0x111 Src/system_stm32f4xx.o
 .debug_abbrev  0x00000000000034f2       0x12 Startup/startup_stm32f411vetx.o

.debug_aranges  0x0000000000000000      0xe58
 .debug_aranges
                0x0000000000000000       0xf0 Drivers/STM32F4xx_HAL_Driver/Src/stm32f4xx_hal.o
 .debug_aranges
                0x00000000000000f0      0x118 Drivers/STM32F4xx_HAL_Driver/Src/stm32f4xx_hal_cortex.o
 .debug_aranges
                0x0000000000000208       0x90 Drivers/STM32F4xx_HAL_Driver/Src/stm32f4xx_hal_dma.o
 .debug_aranges
                0x0000000000000298       0x58 Drivers/STM32F4xx_HAL_Driver/Src/stm32f4xx_hal_gpio.o
 .debug_aranges
                0x00000000000002f0       0x88 Drivers/STM32F4xx_HAL_Driver/Src/stm32f4xx_hal_rcc.o
 .debug_aranges
                0x0000000000000378      0x3a8 Drivers/STM32F4xx_HAL_Driver/Src/stm32f4xx_hal_tim.o
 .debug_aranges
                0x0000000000000720      0x150 Drivers/STM32F4xx_HAL_Driver/Src/stm32f4xx_hal_tim_ex.o
 .debug_aranges
                0x0000000000000870      0x1d0 Drivers/STM32F4xx_HAL_Driver/Src/stm32f4xx_hal_uart.o
 .debug_aranges
                0x0000000000000a40       0x68 Src/IRremote.o
 .debug_aranges
                0x0000000000000aa8       0x48 Src/irSend.o
 .debug_aranges
                0x0000000000000af0       0x28 Src/ir_Aiwa.o
 .debug_aranges
                0x0000000000000b18       0x28 Src/ir_Denon.o
 .debug_aranges
                0x0000000000000b40       0x28 Src/ir_JVC.o
 .debug_aranges
                0x0000000000000b68       0x28 Src/ir_LG.o
 .debug_aranges
                0x0000000000000b90       0x20 Src/ir_Mitsubishi.o
 .debug_aranges
                0x0000000000000bb0       0x28 Src/ir_NEC.o
 .debug_aranges
                0x0000000000000bd8       0x28 Src/ir_Panasonic.o
 .debug_aranges
                0x0000000000000c00       0x40 Src/ir_RC5_RC6.o
 .debug_aranges
                0x0000000000000c40       0x28 Src/ir_Samsung.o
 .debug_aranges
                0x0000000000000c68       0x20 Src/ir_Sanyo.o
 .debug_aranges
                0x0000000000000c88       0x28 Src/ir_Sony.o
 .debug_aranges
                0x0000000000000cb0       0x28 Src/ir_Whynter.o
 .debug_aranges
                0x0000000000000cd8       0x50 Src/main.o
 .debug_aranges
                0x0000000000000d28       0x48 Src/stm32f4xx_hal_msp.o
 .debug_aranges
                0x0000000000000d70       0x78 Src/stm32f4xx_it.o
 .debug_aranges
                0x0000000000000de8       0x20 Src/sysmem.o
 .debug_aranges
                0x0000000000000e08       0x28 Src/system_stm32f4xx.o
 .debug_aranges
                0x0000000000000e30       0x28 Startup/startup_stm32f411vetx.o

.debug_ranges   0x0000000000000000      0xca0
 .debug_ranges  0x0000000000000000       0xe0 Drivers/STM32F4xx_HAL_Driver/Src/stm32f4xx_hal.o
 .debug_ranges  0x00000000000000e0      0x108 Drivers/STM32F4xx_HAL_Driver/Src/stm32f4xx_hal_cortex.o
 .debug_ranges  0x00000000000001e8       0x80 Drivers/STM32F4xx_HAL_Driver/Src/stm32f4xx_hal_dma.o
 .debug_ranges  0x0000000000000268       0x48 Drivers/STM32F4xx_HAL_Driver/Src/stm32f4xx_hal_gpio.o
 .debug_ranges  0x00000000000002b0       0x78 Drivers/STM32F4xx_HAL_Driver/Src/stm32f4xx_hal_rcc.o
 .debug_ranges  0x0000000000000328      0x398 Drivers/STM32F4xx_HAL_Driver/Src/stm32f4xx_hal_tim.o
 .debug_ranges  0x00000000000006c0      0x140 Drivers/STM32F4xx_HAL_Driver/Src/stm32f4xx_hal_tim_ex.o
 .debug_ranges  0x0000000000000800      0x1c0 Drivers/STM32F4xx_HAL_Driver/Src/stm32f4xx_hal_uart.o
 .debug_ranges  0x00000000000009c0       0x58 Src/IRremote.o
 .debug_ranges  0x0000000000000a18       0x38 Src/irSend.o
 .debug_ranges  0x0000000000000a50       0x18 Src/ir_Aiwa.o
 .debug_ranges  0x0000000000000a68       0x18 Src/ir_Denon.o
 .debug_ranges  0x0000000000000a80       0x18 Src/ir_JVC.o
 .debug_ranges  0x0000000000000a98       0x18 Src/ir_LG.o
 .debug_ranges  0x0000000000000ab0       0x10 Src/ir_Mitsubishi.o
 .debug_ranges  0x0000000000000ac0       0x18 Src/ir_NEC.o
 .debug_ranges  0x0000000000000ad8       0x18 Src/ir_Panasonic.o
 .debug_ranges  0x0000000000000af0       0x30 Src/ir_RC5_RC6.o
 .debug_ranges  0x0000000000000b20       0x18 Src/ir_Samsung.o
 .debug_ranges  0x0000000000000b38       0x10 Src/ir_Sanyo.o
 .debug_ranges  0x0000000000000b48       0x18 Src/ir_Sony.o
 .debug_ranges  0x0000000000000b60       0x18 Src/ir_Whynter.o
 .debug_ranges  0x0000000000000b78       0x40 Src/main.o
 .debug_ranges  0x0000000000000bb8       0x38 Src/stm32f4xx_hal_msp.o
 .debug_ranges  0x0000000000000bf0       0x68 Src/stm32f4xx_it.o
 .debug_ranges  0x0000000000000c58       0x10 Src/sysmem.o
 .debug_ranges  0x0000000000000c68       0x18 Src/system_stm32f4xx.o
 .debug_ranges  0x0000000000000c80       0x20 Startup/startup_stm32f411vetx.o

.debug_macro    0x0000000000000000    0x17d8f
 .debug_macro   0x0000000000000000      0x22e Drivers/STM32F4xx_HAL_Driver/Src/stm32f4xx_hal.o
 .debug_macro   0x000000000000022e      0xa5a Drivers/STM32F4xx_HAL_Driver/Src/stm32f4xx_hal.o
 .debug_macro   0x0000000000000c88      0x18a Drivers/STM32F4xx_HAL_Driver/Src/stm32f4xx_hal.o
 .debug_macro   0x0000000000000e12       0x32 Drivers/STM32F4xx_HAL_Driver/Src/stm32f4xx_hal.o
 .debug_macro   0x0000000000000e44       0x28 Drivers/STM32F4xx_HAL_Driver/Src/stm32f4xx_hal.o
 .debug_macro   0x0000000000000e6c       0x22 Drivers/STM32F4xx_HAL_Driver/Src/stm32f4xx_hal.o
 .debug_macro   0x0000000000000e8e       0x8e Drivers/STM32F4xx_HAL_Driver/Src/stm32f4xx_hal.o
 .debug_macro   0x0000000000000f1c       0x51 Drivers/STM32F4xx_HAL_Driver/Src/stm32f4xx_hal.o
 .debug_macro   0x0000000000000f6d       0xef Drivers/STM32F4xx_HAL_Driver/Src/stm32f4xx_hal.o
 .debug_macro   0x000000000000105c       0x6a Drivers/STM32F4xx_HAL_Driver/Src/stm32f4xx_hal.o
 .debug_macro   0x00000000000010c6      0x1df Drivers/STM32F4xx_HAL_Driver/Src/stm32f4xx_hal.o
 .debug_macro   0x00000000000012a5       0x1c Drivers/STM32F4xx_HAL_Driver/Src/stm32f4xx_hal.o
 .debug_macro   0x00000000000012c1       0x22 Drivers/STM32F4xx_HAL_Driver/Src/stm32f4xx_hal.o
 .debug_macro   0x00000000000012e3       0xdf Drivers/STM32F4xx_HAL_Driver/Src/stm32f4xx_hal.o
 .debug_macro   0x00000000000013c2     0x102d Drivers/STM32F4xx_HAL_Driver/Src/stm32f4xx_hal.o
 .debug_macro   0x00000000000023ef      0x11f Drivers/STM32F4xx_HAL_Driver/Src/stm32f4xx_hal.o
 .debug_macro   0x000000000000250e     0xb93e Drivers/STM32F4xx_HAL_Driver/Src/stm32f4xx_hal.o
 .debug_macro   0x000000000000de4c       0x43 Drivers/STM32F4xx_HAL_Driver/Src/stm32f4xx_hal.o
 .debug_macro   0x000000000000de8f     0x35d4 Drivers/STM32F4xx_HAL_Driver/Src/stm32f4xx_hal.o
 .debug_macro   0x0000000000011463      0x174 Drivers/STM32F4xx_HAL_Driver/Src/stm32f4xx_hal.o
 .debug_macro   0x00000000000115d7       0x5a Drivers/STM32F4xx_HAL_Driver/Src/stm32f4xx_hal.o
 .debug_macro   0x0000000000011631      0x447 Drivers/STM32F4xx_HAL_Driver/Src/stm32f4xx_hal.o
 .debug_macro   0x0000000000011a78      0x9fe Drivers/STM32F4xx_HAL_Driver/Src/stm32f4xx_hal.o
 .debug_macro   0x0000000000012476       0xed Drivers/STM32F4xx_HAL_Driver/Src/stm32f4xx_hal.o
 .debug_macro   0x0000000000012563      0x117 Drivers/STM32F4xx_HAL_Driver/Src/stm32f4xx_hal.o
 .debug_macro   0x000000000001267a      0x11b Drivers/STM32F4xx_HAL_Driver/Src/stm32f4xx_hal.o
 .debug_macro   0x0000000000012795       0x27 Drivers/STM32F4xx_HAL_Driver/Src/stm32f4xx_hal.o
 .debug_macro   0x00000000000127bc      0x287 Drivers/STM32F4xx_HAL_Driver/Src/stm32f4xx_hal.o
 .debug_macro   0x0000000000012a43       0x5f Drivers/STM32F4xx_HAL_Driver/Src/stm32f4xx_hal.o
 .debug_macro   0x0000000000012aa2      0x236 Drivers/STM32F4xx_HAL_Driver/Src/stm32f4xx_hal.o
 .debug_macro   0x0000000000012cd8      0x132 Drivers/STM32F4xx_HAL_Driver/Src/stm32f4xx_hal.o
 .debug_macro   0x0000000000012e0a      0x264 Drivers/STM32F4xx_HAL_Driver/Src/stm32f4xx_hal.o
 .debug_macro   0x000000000001306e       0x2e Drivers/STM32F4xx_HAL_Driver/Src/stm32f4xx_hal.o
 .debug_macro   0x000000000001309c      0x11a Drivers/STM32F4xx_HAL_Driver/Src/stm32f4xx_hal.o
 .debug_macro   0x00000000000131b6       0x85 Drivers/STM32F4xx_HAL_Driver/Src/stm32f4xx_hal.o
 .debug_macro   0x000000000001323b       0x89 Drivers/STM32F4xx_HAL_Driver/Src/stm32f4xx_hal.o
 .debug_macro   0x00000000000132c4      0x87d Drivers/STM32F4xx_HAL_Driver/Src/stm32f4xx_hal.o
 .debug_macro   0x0000000000013b41       0x47 Drivers/STM32F4xx_HAL_Driver/Src/stm32f4xx_hal.o
 .debug_macro   0x0000000000013b88      0x287 Drivers/STM32F4xx_HAL_Driver/Src/stm32f4xx_hal.o
 .debug_macro   0x0000000000013e0f      0x126 Drivers/STM32F4xx_HAL_Driver/Src/stm32f4xx_hal.o
 .debug_macro   0x0000000000013f35      0x1ce Drivers/STM32F4xx_HAL_Driver/Src/stm32f4xx_hal_cortex.o
 .debug_macro   0x0000000000014103      0x1d4 Drivers/STM32F4xx_HAL_Driver/Src/stm32f4xx_hal_dma.o
 .debug_macro   0x00000000000142d7      0x204 Drivers/STM32F4xx_HAL_Driver/Src/stm32f4xx_hal_gpio.o
 .debug_macro   0x00000000000144db      0x1f2 Drivers/STM32F4xx_HAL_Driver/Src/stm32f4xx_hal_rcc.o
 .debug_macro   0x00000000000146cd      0x1cf Drivers/STM32F4xx_HAL_Driver/Src/stm32f4xx_hal_tim.o
 .debug_macro   0x000000000001489c      0x1ce Drivers/STM32F4xx_HAL_Driver/Src/stm32f4xx_hal_tim_ex.o
 .debug_macro   0x0000000000014a6a      0x1cf Drivers/STM32F4xx_HAL_Driver/Src/stm32f4xx_hal_uart.o
 .debug_macro   0x0000000000014c39      0x1f4 Src/IRremote.o
 .debug_macro   0x0000000000014e2d       0x10 Src/IRremote.o
 .debug_macro   0x0000000000014e3d      0x188 Src/IRremote.o
 .debug_macro   0x0000000000014fc5      0x1f2 Src/irSend.o
 .debug_macro   0x00000000000151b7      0x222 Src/ir_Aiwa.o
 .debug_macro   0x00000000000153d9      0x20a Src/ir_Denon.o
 .debug_macro   0x00000000000155e3      0x210 Src/ir_JVC.o
 .debug_macro   0x00000000000157f3      0x210 Src/ir_LG.o
 .debug_macro   0x0000000000015a03      0x1fe Src/ir_Mitsubishi.o
 .debug_macro   0x0000000000015c01      0x210 Src/ir_NEC.o
 .debug_macro   0x0000000000015e11      0x20a Src/ir_Panasonic.o
 .debug_macro   0x000000000001601b      0x218 Src/ir_RC5_RC6.o
 .debug_macro   0x0000000000016233      0x210 Src/ir_Samsung.o
 .debug_macro   0x0000000000016443      0x210 Src/ir_Sanyo.o
 .debug_macro   0x0000000000016653      0x210 Src/ir_Sony.o
 .debug_macro   0x0000000000016863      0x216 Src/ir_Whynter.o
 .debug_macro   0x0000000000016a79      0x2ab Src/main.o
 .debug_macro   0x0000000000016d24       0x46 Src/main.o
 .debug_macro   0x0000000000016d6a       0x18 Src/main.o
 .debug_macro   0x0000000000016d82       0x3c Src/main.o
 .debug_macro   0x0000000000016dbe       0x34 Src/main.o
 .debug_macro   0x0000000000016df2       0x52 Src/main.o
 .debug_macro   0x0000000000016e44       0x1f Src/main.o
 .debug_macro   0x0000000000016e63       0x43 Src/main.o
 .debug_macro   0x0000000000016ea6       0x20 Src/main.o
 .debug_macro   0x0000000000016ec6      0x1a3 Src/main.o
 .debug_macro   0x0000000000017069      0x32a Src/main.o
 .debug_macro   0x0000000000017393       0x10 Src/main.o
 .debug_macro   0x00000000000173a3       0x35 Src/main.o
 .debug_macro   0x00000000000173d8       0x20 Src/main.o
 .debug_macro   0x00000000000173f8      0x1dd Src/stm32f4xx_hal_msp.o
 .debug_macro   0x00000000000175d5      0x1e7 Src/stm32f4xx_it.o
 .debug_macro   0x00000000000177bc      0x1ae Src/sysmem.o
 .debug_macro   0x000000000001796a      0x23b Src/sysmem.o
 .debug_macro   0x0000000000017ba5       0x16 Src/sysmem.o
 .debug_macro   0x0000000000017bbb      0x1d4 Src/system_stm32f4xx.o

.debug_line     0x0000000000000000     0xed8a
 .debug_line    0x0000000000000000      0x8be Drivers/STM32F4xx_HAL_Driver/Src/stm32f4xx_hal.o
 .debug_line    0x00000000000008be      0x9e5 Drivers/STM32F4xx_HAL_Driver/Src/stm32f4xx_hal_cortex.o
 .debug_line    0x00000000000012a3      0x990 Drivers/STM32F4xx_HAL_Driver/Src/stm32f4xx_hal_dma.o
 .debug_line    0x0000000000001c33      0x864 Drivers/STM32F4xx_HAL_Driver/Src/stm32f4xx_hal_gpio.o
 .debug_line    0x0000000000002497      0x905 Drivers/STM32F4xx_HAL_Driver/Src/stm32f4xx_hal_rcc.o
 .debug_line    0x0000000000002d9c     0x1766 Drivers/STM32F4xx_HAL_Driver/Src/stm32f4xx_hal_tim.o
 .debug_line    0x0000000000004502      0xcc5 Drivers/STM32F4xx_HAL_Driver/Src/stm32f4xx_hal_tim_ex.o
 .debug_line    0x00000000000051c7      0xfb8 Drivers/STM32F4xx_HAL_Driver/Src/stm32f4xx_hal_uart.o
 .debug_line    0x000000000000617f      0x8bb Src/IRremote.o
 .debug_line    0x0000000000006a3a      0x757 Src/irSend.o
 .debug_line    0x0000000000007191      0x753 Src/ir_Aiwa.o
 .debug_line    0x00000000000078e4      0x735 Src/ir_Denon.o
 .debug_line    0x0000000000008019      0x74d Src/ir_JVC.o
 .debug_line    0x0000000000008766      0x739 Src/ir_LG.o
 .debug_line    0x0000000000008e9f      0x6f4 Src/ir_Mitsubishi.o
 .debug_line    0x0000000000009593      0x739 Src/ir_NEC.o
 .debug_line    0x0000000000009ccc      0x74a Src/ir_Panasonic.o
 .debug_line    0x000000000000a416      0x857 Src/ir_RC5_RC6.o
 .debug_line    0x000000000000ac6d      0x73d Src/ir_Samsung.o
 .debug_line    0x000000000000b3aa      0x6fe Src/ir_Sanyo.o
 .debug_line    0x000000000000baa8      0x71b Src/ir_Sony.o
 .debug_line    0x000000000000c1c3      0x752 Src/ir_Whynter.o
 .debug_line    0x000000000000c915      0x8ed Src/main.o
 .debug_line    0x000000000000d202      0x745 Src/stm32f4xx_hal_msp.o
 .debug_line    0x000000000000d947      0x791 Src/stm32f4xx_it.o
 .debug_line    0x000000000000e0d8      0x559 Src/sysmem.o
 .debug_line    0x000000000000e631      0x6d8 Src/system_stm32f4xx.o
 .debug_line    0x000000000000ed09       0x81 Startup/startup_stm32f411vetx.o

.debug_str      0x0000000000000000    0x8d15d
 .debug_str     0x0000000000000000    0x84f00 Drivers/STM32F4xx_HAL_Driver/Src/stm32f4xx_hal.o
                                      0x85274 (size before relaxing)
 .debug_str     0x0000000000084f00      0x3e7 Drivers/STM32F4xx_HAL_Driver/Src/stm32f4xx_hal_cortex.o
                                      0x84fdd (size before relaxing)
 .debug_str     0x00000000000852e7      0x536 Drivers/STM32F4xx_HAL_Driver/Src/stm32f4xx_hal_dma.o
                                      0x84c8e (size before relaxing)
 .debug_str     0x000000000008581d      0x292 Drivers/STM32F4xx_HAL_Driver/Src/stm32f4xx_hal_gpio.o
                                      0x84aca (size before relaxing)
 .debug_str     0x0000000000085aaf      0x384 Drivers/STM32F4xx_HAL_Driver/Src/stm32f4xx_hal_rcc.o
                                      0x84c6d (size before relaxing)
 .debug_str     0x0000000000085e33      0xf1d Drivers/STM32F4xx_HAL_Driver/Src/stm32f4xx_hal_tim.o
                                      0x85985 (size before relaxing)
 .debug_str     0x0000000000086d50      0x4ec Drivers/STM32F4xx_HAL_Driver/Src/stm32f4xx_hal_tim_ex.o
                                      0x85185 (size before relaxing)
 .debug_str     0x000000000008723c      0x6d8 Drivers/STM32F4xx_HAL_Driver/Src/stm32f4xx_hal_uart.o
                                      0x850ac (size before relaxing)
 .debug_str     0x0000000000087914      0x5fc Src/IRremote.o
                                      0x8520f (size before relaxing)
 .debug_str     0x0000000000087f10      0x15c Src/irSend.o
                                      0x852c5 (size before relaxing)
 .debug_str     0x000000000008806c      0x174 Src/ir_Aiwa.o
                                      0x851b5 (size before relaxing)
 .debug_str     0x00000000000881e0       0x6d Src/ir_Denon.o
                                      0x850bd (size before relaxing)
 .debug_str     0x000000000008824d       0xa6 Src/ir_JVC.o
                                      0x850ed (size before relaxing)
 .debug_str     0x00000000000882f3       0x95 Src/ir_LG.o
                                      0x850dc (size before relaxing)
 .debug_str     0x0000000000088388       0x86 Src/ir_Mitsubishi.o
                                      0x850c2 (size before relaxing)
 .debug_str     0x000000000008840e       0x9d Src/ir_NEC.o
                                      0x850e4 (size before relaxing)
 .debug_str     0x00000000000884ab       0xc0 Src/ir_Panasonic.o
                                      0x85101 (size before relaxing)
 .debug_str     0x000000000008856b       0xf6 Src/ir_RC5_RC6.o
                                      0x8513d (size before relaxing)
 .debug_str     0x0000000000088661       0xc5 Src/ir_Samsung.o
                                      0x8510c (size before relaxing)
 .debug_str     0x0000000000088726       0xb0 Src/ir_Sanyo.o
                                      0x850ec (size before relaxing)
 .debug_str     0x00000000000887d6       0xb0 Src/ir_Sony.o
                                      0x850f7 (size before relaxing)
 .debug_str     0x0000000000088886       0xd9 Src/ir_Whynter.o
                                      0x85120 (size before relaxing)
 .debug_str     0x000000000008895f     0x2fbe Src/main.o
                                      0x885ec (size before relaxing)
 .debug_str     0x000000000008b91d       0x39 Src/stm32f4xx_hal_msp.o
                                      0x8528c (size before relaxing)
 .debug_str     0x000000000008b956       0xec Src/stm32f4xx_it.o
                                      0x84dd9 (size before relaxing)
 .debug_str     0x000000000008ba42     0x1690 Src/sysmem.o
                                       0x7ada (size before relaxing)
 .debug_str     0x000000000008d0d2       0x5a Src/system_stm32f4xx.o
                                      0x84886 (size before relaxing)
 .debug_str     0x000000000008d12c       0x31 Startup/startup_stm32f411vetx.o
                                         0x5c (size before relaxing)

.comment        0x0000000000000000       0x7b
 .comment       0x0000000000000000       0x7b Drivers/STM32F4xx_HAL_Driver/Src/stm32f4xx_hal.o
                                         0x7c (size before relaxing)
 .comment       0x000000000000007b       0x7c Drivers/STM32F4xx_HAL_Driver/Src/stm32f4xx_hal_cortex.o
 .comment       0x000000000000007b       0x7c Drivers/STM32F4xx_HAL_Driver/Src/stm32f4xx_hal_dma.o
 .comment       0x000000000000007b       0x7c Drivers/STM32F4xx_HAL_Driver/Src/stm32f4xx_hal_gpio.o
 .comment       0x000000000000007b       0x7c Drivers/STM32F4xx_HAL_Driver/Src/stm32f4xx_hal_rcc.o
 .comment       0x000000000000007b       0x7c Drivers/STM32F4xx_HAL_Driver/Src/stm32f4xx_hal_tim.o
 .comment       0x000000000000007b       0x7c Drivers/STM32F4xx_HAL_Driver/Src/stm32f4xx_hal_tim_ex.o
 .comment       0x000000000000007b       0x7c Drivers/STM32F4xx_HAL_Driver/Src/stm32f4xx_hal_uart.o
 .comment       0x000000000000007b       0x7c Src/IRremote.o
 .comment       0x000000000000007b       0x7c Src/irSend.o
 .comment       0x000000000000007b       0x7c Src/ir_Aiwa.o
 .comment       0x000000000000007b       0x7c Src/ir_Denon.o
 .comment       0x000000000000007b       0x7c Src/ir_JVC.o
 .comment       0x000000000000007b       0x7c Src/ir_LG.o
 .comment       0x000000000000007b       0x7c Src/ir_Mitsubishi.o
 .comment       0x000000000000007b       0x7c Src/ir_NEC.o
 .comment       0x000000000000007b       0x7c Src/ir_Panasonic.o
 .comment       0x000000000000007b       0x7c Src/ir_RC5_RC6.o
 .comment       0x000000000000007b       0x7c Src/ir_Samsung.o
 .comment       0x000000000000007b       0x7c Src/ir_Sanyo.o
 .comment       0x000000000000007b       0x7c Src/ir_Sony.o
 .comment       0x000000000000007b       0x7c Src/ir_Whynter.o
 .comment       0x000000000000007b       0x7c Src/main.o
 .comment       0x000000000000007b       0x7c Src/stm32f4xx_hal_msp.o
 .comment       0x000000000000007b       0x7c Src/stm32f4xx_it.o
 .comment       0x000000000000007b       0x7c Src/sysmem.o
 .comment       0x000000000000007b       0x7c Src/system_stm32f4xx.o

.debug_frame    0x0000000000000000     0x3cd0
 .debug_frame   0x0000000000000000      0x374 Drivers/STM32F4xx_HAL_Driver/Src/stm32f4xx_hal.o
 .debug_frame   0x0000000000000374      0x498 Drivers/STM32F4xx_HAL_Driver/Src/stm32f4xx_hal_cortex.o
 .debug_frame   0x000000000000080c      0x250 Drivers/STM32F4xx_HAL_Driver/Src/stm32f4xx_hal_dma.o
 .debug_frame   0x0000000000000a5c      0x14c Drivers/STM32F4xx_HAL_Driver/Src/stm32f4xx_hal_gpio.o
 .debug_frame   0x0000000000000ba8      0x1f0 Drivers/STM32F4xx_HAL_Driver/Src/stm32f4xx_hal_rcc.o
 .debug_frame   0x0000000000000d98     0x10e8 Drivers/STM32F4xx_HAL_Driver/Src/stm32f4xx_hal_tim.o
 .debug_frame   0x0000000000001e80      0x5c0 Drivers/STM32F4xx_HAL_Driver/Src/stm32f4xx_hal_tim_ex.o
 .debug_frame   0x0000000000002440      0x83c Drivers/STM32F4xx_HAL_Driver/Src/stm32f4xx_hal_uart.o
 .debug_frame   0x0000000000002c7c      0x180 Src/IRremote.o
 .debug_frame   0x0000000000002dfc       0xe8 Src/irSend.o
 .debug_frame   0x0000000000002ee4       0x58 Src/ir_Aiwa.o
 .debug_frame   0x0000000000002f3c       0x58 Src/ir_Denon.o
 .debug_frame   0x0000000000002f94       0x58 Src/ir_JVC.o
 .debug_frame   0x0000000000002fec       0x58 Src/ir_LG.o
 .debug_frame   0x0000000000003044       0x34 Src/ir_Mitsubishi.o
 .debug_frame   0x0000000000003078       0x58 Src/ir_NEC.o
 .debug_frame   0x00000000000030d0       0x5c Src/ir_Panasonic.o
 .debug_frame   0x000000000000312c       0xc4 Src/ir_RC5_RC6.o
 .debug_frame   0x00000000000031f0       0x58 Src/ir_Samsung.o
 .debug_frame   0x0000000000003248       0x34 Src/ir_Sanyo.o
 .debug_frame   0x000000000000327c       0x58 Src/ir_Sony.o
 .debug_frame   0x00000000000032d4       0x58 Src/ir_Whynter.o
 .debug_frame   0x000000000000332c       0xf8 Src/main.o
 .debug_frame   0x0000000000003424       0xec Src/stm32f4xx_hal_msp.o
 .debug_frame   0x0000000000003510      0x160 Src/stm32f4xx_it.o
 .debug_frame   0x0000000000003670       0x34 Src/sysmem.o
 .debug_frame   0x00000000000036a4       0x58 Src/system_stm32f4xx.o
 .debug_frame   0x00000000000036fc       0x20 c:/st/stm32cubeide_1.0.1/stm32cubeide/plugins/com.st.stm32cube.ide.mcu.externaltools.gnu-tools-for-stm32.7-2018-q2-update.win32_1.0.0.201904181610/tools/bin/../lib/gcc/arm-none-eabi/7.3.1/../../../../arm-none-eabi/lib/thumb/v7e-m/fpv4-sp/hard\libc_nano.a(lib_a-errno.o)
 .debug_frame   0x000000000000371c       0x2c c:/st/stm32cubeide_1.0.1/stm32cubeide/plugins/com.st.stm32cube.ide.mcu.externaltools.gnu-tools-for-stm32.7-2018-q2-update.win32_1.0.0.201904181610/tools/bin/../lib/gcc/arm-none-eabi/7.3.1/../../../../arm-none-eabi/lib/thumb/v7e-m/fpv4-sp/hard\libc_nano.a(lib_a-init.o)
 .debug_frame   0x0000000000003748       0x20 c:/st/stm32cubeide_1.0.1/stm32cubeide/plugins/com.st.stm32cube.ide.mcu.externaltools.gnu-tools-for-stm32.7-2018-q2-update.win32_1.0.0.201904181610/tools/bin/../lib/gcc/arm-none-eabi/7.3.1/../../../../arm-none-eabi/lib/thumb/v7e-m/fpv4-sp/hard\libc_nano.a(lib_a-memset.o)
 .debug_frame   0x0000000000003768       0x6c c:/st/stm32cubeide_1.0.1/stm32cubeide/plugins/com.st.stm32cube.ide.mcu.externaltools.gnu-tools-for-stm32.7-2018-q2-update.win32_1.0.0.201904181610/tools/bin/../lib/gcc/arm-none-eabi/7.3.1/../../../../arm-none-eabi/lib/thumb/v7e-m/fpv4-sp/hard\libc_nano.a(lib_a-sprintf.o)
 .debug_frame   0x00000000000037d4       0x90 c:/st/stm32cubeide_1.0.1/stm32cubeide/plugins/com.st.stm32cube.ide.mcu.externaltools.gnu-tools-for-stm32.7-2018-q2-update.win32_1.0.0.201904181610/tools/bin/../lib/gcc/arm-none-eabi/7.3.1/../../../../arm-none-eabi/lib/thumb/v7e-m/fpv4-sp/hard\libc_nano.a(lib_a-nano-svfprintf.o)
 .debug_frame   0x0000000000003864       0x60 c:/st/stm32cubeide_1.0.1/stm32cubeide/plugins/com.st.stm32cube.ide.mcu.externaltools.gnu-tools-for-stm32.7-2018-q2-update.win32_1.0.0.201904181610/tools/bin/../lib/gcc/arm-none-eabi/7.3.1/../../../../arm-none-eabi/lib/thumb/v7e-m/fpv4-sp/hard\libc_nano.a(lib_a-nano-vfprintf_i.o)
 .debug_frame   0x00000000000038c4       0x28 c:/st/stm32cubeide_1.0.1/stm32cubeide/plugins/com.st.stm32cube.ide.mcu.externaltools.gnu-tools-for-stm32.7-2018-q2-update.win32_1.0.0.201904181610/tools/bin/../lib/gcc/arm-none-eabi/7.3.1/../../../../arm-none-eabi/lib/thumb/v7e-m/fpv4-sp/hard\libc_nano.a(lib_a-memcpy-stub.o)
 .debug_frame   0x00000000000038ec       0x28 c:/st/stm32cubeide_1.0.1/stm32cubeide/plugins/com.st.stm32cube.ide.mcu.externaltools.gnu-tools-for-stm32.7-2018-q2-update.win32_1.0.0.201904181610/tools/bin/../lib/gcc/arm-none-eabi/7.3.1/../../../../arm-none-eabi/lib/thumb/v7e-m/fpv4-sp/hard\libc_nano.a(lib_a-memmove.o)
 .debug_frame   0x0000000000003914       0x38 c:/st/stm32cubeide_1.0.1/stm32cubeide/plugins/com.st.stm32cube.ide.mcu.externaltools.gnu-tools-for-stm32.7-2018-q2-update.win32_1.0.0.201904181610/tools/bin/../lib/gcc/arm-none-eabi/7.3.1/../../../../arm-none-eabi/lib/thumb/v7e-m/fpv4-sp/hard\libc_nano.a(lib_a-nano-freer.o)
 .debug_frame   0x000000000000394c       0x2c c:/st/stm32cubeide_1.0.1/stm32cubeide/plugins/com.st.stm32cube.ide.mcu.externaltools.gnu-tools-for-stm32.7-2018-q2-update.win32_1.0.0.201904181610/tools/bin/../lib/gcc/arm-none-eabi/7.3.1/../../../../arm-none-eabi/lib/thumb/v7e-m/fpv4-sp/hard\libc_nano.a(lib_a-nano-mallocr.o)
 .debug_frame   0x0000000000003978       0x3c c:/st/stm32cubeide_1.0.1/stm32cubeide/plugins/com.st.stm32cube.ide.mcu.externaltools.gnu-tools-for-stm32.7-2018-q2-update.win32_1.0.0.201904181610/tools/bin/../lib/gcc/arm-none-eabi/7.3.1/../../../../arm-none-eabi/lib/thumb/v7e-m/fpv4-sp/hard\libc_nano.a(lib_a-nano-reallocr.o)
 .debug_frame   0x00000000000039b4       0x2c c:/st/stm32cubeide_1.0.1/stm32cubeide/plugins/com.st.stm32cube.ide.mcu.externaltools.gnu-tools-for-stm32.7-2018-q2-update.win32_1.0.0.201904181610/tools/bin/../lib/gcc/arm-none-eabi/7.3.1/../../../../arm-none-eabi/lib/thumb/v7e-m/fpv4-sp/hard\libc_nano.a(lib_a-sbrkr.o)